[2024-03-17T00:18:07.079+0000][0.006s] Using G1
[2024-03-17T00:18:07.818+0000][0.745s] Version: 17.0.10+7 (release)
[2024-03-17T00:18:07.818+0000][0.745s] CPUs: 8 total, 8 available
[2024-03-17T00:18:07.818+0000][0.746s] Memory: 3923M
[2024-03-17T00:18:07.818+0000][0.746s] Large Page Support: Disabled
[2024-03-17T00:18:07.819+0000][0.746s] NUMA Support: Disabled
[2024-03-17T00:18:07.819+0000][0.746s] Compressed Oops: Enabled (32-bit)
[2024-03-17T00:18:07.819+0000][0.746s] Heap Region Size: 1M
[2024-03-17T00:18:07.819+0000][0.746s] Heap Min Capacity: 512M
[2024-03-17T00:18:07.819+0000][0.746s] Heap Initial Capacity: 512M
[2024-03-17T00:18:07.819+0000][0.746s] Heap Max Capacity: 512M
[2024-03-17T00:18:07.819+0000][0.746s] Pre-touch: Enabled
[2024-03-17T00:18:07.819+0000][0.746s] Parallel Workers: 8
[2024-03-17T00:18:07.819+0000][0.746s] Concurrent Workers: 2
[2024-03-17T00:18:07.819+0000][0.746s] Concurrent Refinement Workers: 8
[2024-03-17T00:18:07.819+0000][0.746s] Periodic GC: Disabled
[2024-03-17T00:18:07.862+0000][0.790s] CDS archive(s) mapped at: [0x0000000300000000-0x0000000300a5f000-0x0000000300a5f000), size 10874880, SharedBaseAddress: 0x0000000300000000, ArchiveRelocationMode: 1.
[2024-03-17T00:18:07.862+0000][0.790s] Compressed class space mapped at: 0x0000000301000000-0x0000000341000000, reserved size: 1073741824
[2024-03-17T00:18:07.863+0000][0.790s] Narrow klass base: 0x0000000300000000, Narrow klass shift: 0, Narrow klass range: 0x100000000
[2024-03-17T00:18:08.599+0000][1.527s] GC(0) Pause Young (Normal) (G1 Evacuation Pause)
[2024-03-17T00:18:08.600+0000][1.527s] GC(0) Using 8 workers of 8 for evacuation
[2024-03-17T00:18:08.604+0000][1.532s] GC(0)   Pre Evacuate Collection Set: 0.2ms
[2024-03-17T00:18:08.605+0000][1.532s] GC(0)   Merge Heap Roots: 0.4ms
[2024-03-17T00:18:08.605+0000][1.532s] GC(0)   Evacuate Collection Set: 3.4ms
[2024-03-17T00:18:08.605+0000][1.532s] GC(0)   Post Evacuate Collection Set: 0.8ms
[2024-03-17T00:18:08.605+0000][1.532s] GC(0)   Other: 0.4ms
[2024-03-17T00:18:08.605+0000][1.532s] GC(0) Eden regions: 29->0(56)
[2024-03-17T00:18:08.605+0000][1.532s] GC(0) Survivor regions: 0->4(4)
[2024-03-17T00:18:08.605+0000][1.532s] GC(0) Old regions: 0->1
[2024-03-17T00:18:08.605+0000][1.533s] GC(0) Archive regions: 2->2
[2024-03-17T00:18:08.605+0000][1.533s] GC(0) Humongous regions: 4->4
[2024-03-17T00:18:08.605+0000][1.533s] GC(0) Metaspace: 10157K(10432K)->10157K(10432K) NonClass: 8890K(9024K)->8890K(9024K) Class: 1267K(1408K)->1267K(1408K)
[2024-03-17T00:18:08.606+0000][1.533s] GC(0) Pause Young (Normal) (G1 Evacuation Pause) 33M->9M(512M) 6.131ms
[2024-03-17T00:18:08.606+0000][1.533s] GC(0) User=0.03s Sys=0.00s Real=0.01s
[2024-03-17T00:18:08.950+0000][1.878s] GC(1) Pause Young (Normal) (G1 Evacuation Pause)
[2024-03-17T00:18:08.951+0000][1.878s] GC(1) Using 8 workers of 8 for evacuation
[2024-03-17T00:18:08.957+0000][1.884s] GC(1)   Pre Evacuate Collection Set: 0.1ms
[2024-03-17T00:18:08.957+0000][1.884s] GC(1)   Merge Heap Roots: 0.1ms
[2024-03-17T00:18:08.957+0000][1.884s] GC(1)   Evacuate Collection Set: 5.5ms
[2024-03-17T00:18:08.957+0000][1.884s] GC(1)   Post Evacuate Collection Set: 0.4ms
[2024-03-17T00:18:08.957+0000][1.884s] GC(1)   Other: 0.3ms
[2024-03-17T00:18:08.957+0000][1.884s] GC(1) Eden regions: 53->0(62)
[2024-03-17T00:18:08.957+0000][1.884s] GC(1) Survivor regions: 4->8(8)
[2024-03-17T00:18:08.957+0000][1.884s] GC(1) Old regions: 1->9
[2024-03-17T00:18:08.957+0000][1.885s] GC(1) Archive regions: 2->2
[2024-03-17T00:18:08.957+0000][1.885s] GC(1) Humongous regions: 4->4
[2024-03-17T00:18:08.957+0000][1.885s] GC(1) Metaspace: 17878K(18112K)->17878K(18112K) NonClass: 15664K(15808K)->15664K(15808K) Class: 2213K(2304K)->2213K(2304K)
[2024-03-17T00:18:08.957+0000][1.885s] GC(1) Pause Young (Normal) (G1 Evacuation Pause) 62M->21M(512M) 6.984ms
[2024-03-17T00:18:08.957+0000][1.885s] GC(1) User=0.04s Sys=0.00s Real=0.01s
[2024-03-17T00:18:09.101+0000][2.028s] GC(2) Pause Young (Concurrent Start) (Metadata GC Threshold)
[2024-03-17T00:18:09.101+0000][2.028s] GC(2) Using 8 workers of 8 for evacuation
[2024-03-17T00:18:09.104+0000][2.032s] GC(2)   Pre Evacuate Collection Set: 0.1ms
[2024-03-17T00:18:09.105+0000][2.032s] GC(2)   Merge Heap Roots: 0.1ms
[2024-03-17T00:18:09.105+0000][2.032s] GC(2)   Evacuate Collection Set: 2.5ms
[2024-03-17T00:18:09.105+0000][2.032s] GC(2)   Post Evacuate Collection Set: 0.3ms
[2024-03-17T00:18:09.105+0000][2.032s] GC(2)   Other: 0.6ms
[2024-03-17T00:18:09.105+0000][2.032s] GC(2) Eden regions: 27->0(70)
[2024-03-17T00:18:09.105+0000][2.032s] GC(2) Survivor regions: 8->3(9)
[2024-03-17T00:18:09.105+0000][2.032s] GC(2) Old regions: 9->17
[2024-03-17T00:18:09.105+0000][2.032s] GC(2) Archive regions: 2->2
[2024-03-17T00:18:09.105+0000][2.032s] GC(2) Humongous regions: 4->4
[2024-03-17T00:18:09.105+0000][2.032s] GC(2) Metaspace: 21129K(21504K)->21129K(21504K) NonClass: 18513K(18688K)->18513K(18688K) Class: 2615K(2816K)->2615K(2816K)
[2024-03-17T00:18:09.105+0000][2.032s] GC(2) Pause Young (Concurrent Start) (Metadata GC Threshold) 47M->23M(512M) 4.038ms
[2024-03-17T00:18:09.105+0000][2.032s] GC(2) User=0.02s Sys=0.00s Real=0.01s
[2024-03-17T00:18:09.105+0000][2.032s] GC(3) Concurrent Mark Cycle
[2024-03-17T00:18:09.105+0000][2.033s] GC(3) Concurrent Clear Claimed Marks
[2024-03-17T00:18:09.105+0000][2.033s] GC(3) Concurrent Clear Claimed Marks 0.194ms
[2024-03-17T00:18:09.106+0000][2.033s] GC(3) Concurrent Scan Root Regions
[2024-03-17T00:18:09.107+0000][2.035s] GC(3) Concurrent Scan Root Regions 1.633ms
[2024-03-17T00:18:09.107+0000][2.035s] GC(3) Concurrent Mark
[2024-03-17T00:18:09.107+0000][2.035s] GC(3) Concurrent Mark From Roots
[2024-03-17T00:18:09.108+0000][2.035s] GC(3) Using 2 workers of 2 for marking
[2024-03-17T00:18:09.111+0000][2.039s] GC(3) Concurrent Mark From Roots 3.957ms
[2024-03-17T00:18:09.112+0000][2.039s] GC(3) Concurrent Preclean
[2024-03-17T00:18:09.112+0000][2.039s] GC(3) Concurrent Preclean 0.113ms
[2024-03-17T00:18:09.112+0000][2.039s] GC(3) Pause Remark
[2024-03-17T00:18:09.113+0000][2.040s] GC(3) Pause Remark 24M->24M(512M) 1.118ms
[2024-03-17T00:18:09.113+0000][2.041s] GC(3) User=0.00s Sys=0.00s Real=0.00s
[2024-03-17T00:18:09.113+0000][2.041s] GC(3) Concurrent Mark 5.923ms
[2024-03-17T00:18:09.114+0000][2.041s] GC(3) Concurrent Rebuild Remembered Sets
[2024-03-17T00:18:09.119+0000][2.046s] GC(3) Concurrent Rebuild Remembered Sets 5.041ms
[2024-03-17T00:18:09.119+0000][2.046s] GC(3) Pause Cleanup
[2024-03-17T00:18:09.119+0000][2.046s] GC(3) Pause Cleanup 25M->25M(512M) 0.203ms
[2024-03-17T00:18:09.119+0000][2.046s] GC(3) User=0.00s Sys=0.00s Real=0.00s
[2024-03-17T00:18:09.119+0000][2.047s] GC(3) Concurrent Cleanup for Next Mark
[2024-03-17T00:18:09.121+0000][2.048s] GC(3) Concurrent Cleanup for Next Mark 1.571ms
[2024-03-17T00:18:09.121+0000][2.048s] GC(3) Concurrent Mark Cycle 15.893ms
[2024-03-17T00:18:09.779+0000][2.707s] GC(4) Pause Young (Normal) (G1 Evacuation Pause)
[2024-03-17T00:18:09.780+0000][2.707s] GC(4) Using 8 workers of 8 for evacuation
[2024-03-17T00:18:09.793+0000][2.720s] GC(4)   Pre Evacuate Collection Set: 1.7ms
[2024-03-17T00:18:09.793+0000][2.721s] GC(4)   Merge Heap Roots: 0.6ms
[2024-03-17T00:18:09.793+0000][2.721s] GC(4)   Evacuate Collection Set: 9.7ms
[2024-03-17T00:18:09.794+0000][2.721s] GC(4)   Post Evacuate Collection Set: 0.9ms
[2024-03-17T00:18:09.794+0000][2.721s] GC(4)   Other: 0.8ms
[2024-03-17T00:18:09.794+0000][2.721s] GC(4) Eden regions: 70->0(300)
[2024-03-17T00:18:09.794+0000][2.721s] GC(4) Survivor regions: 3->7(10)
[2024-03-17T00:18:09.794+0000][2.721s] GC(4) Old regions: 17->17
[2024-03-17T00:18:09.794+0000][2.721s] GC(4) Archive regions: 2->2
[2024-03-17T00:18:09.794+0000][2.722s] GC(4) Humongous regions: 4->4
[2024-03-17T00:18:09.794+0000][2.722s] GC(4) Metaspace: 32832K(33152K)->32832K(33152K) NonClass: 28735K(28928K)->28735K(28928K) Class: 4097K(4224K)->4097K(4224K)
[2024-03-17T00:18:09.794+0000][2.722s] GC(4) Pause Young (Normal) (G1 Evacuation Pause) 93M->27M(512M) 15.086ms
[2024-03-17T00:18:09.795+0000][2.722s] GC(4) User=0.05s Sys=0.01s Real=0.02s
[2024-03-17T00:18:09.951+0000][2.878s] GC(5) Pause Young (Concurrent Start) (Metadata GC Threshold)
[2024-03-17T00:18:09.952+0000][2.879s] GC(5) Using 8 workers of 8 for evacuation
[2024-03-17T00:18:09.955+0000][2.882s] GC(5)   Pre Evacuate Collection Set: 0.1ms
[2024-03-17T00:18:09.955+0000][2.882s] GC(5)   Merge Heap Roots: 0.1ms
[2024-03-17T00:18:09.955+0000][2.882s] GC(5)   Evacuate Collection Set: 2.3ms
[2024-03-17T00:18:09.955+0000][2.882s] GC(5)   Post Evacuate Collection Set: 0.4ms
[2024-03-17T00:18:09.955+0000][2.883s] GC(5)   Other: 0.6ms
[2024-03-17T00:18:09.955+0000][2.883s] GC(5) Eden regions: 22->0(299)
[2024-03-17T00:18:09.956+0000][2.883s] GC(5) Survivor regions: 7->8(39)
[2024-03-17T00:18:09.956+0000][2.883s] GC(5) Old regions: 17->17
[2024-03-17T00:18:09.956+0000][2.883s] GC(5) Archive regions: 2->2
[2024-03-17T00:18:09.956+0000][2.883s] GC(5) Humongous regions: 4->4
[2024-03-17T00:18:09.956+0000][2.883s] GC(5) Metaspace: 35715K(36160K)->35715K(36160K) NonClass: 31229K(31488K)->31229K(31488K) Class: 4486K(4672K)->4486K(4672K)
[2024-03-17T00:18:09.956+0000][2.883s] GC(5) Pause Young (Concurrent Start) (Metadata GC Threshold) 49M->29M(512M) 4.816ms
[2024-03-17T00:18:09.956+0000][2.883s] GC(5) User=0.02s Sys=0.00s Real=0.01s
[2024-03-17T00:18:09.956+0000][2.884s] GC(6) Concurrent Mark Cycle
[2024-03-17T00:18:09.957+0000][2.884s] GC(6) Concurrent Clear Claimed Marks
[2024-03-17T00:18:09.957+0000][2.885s] GC(6) Concurrent Clear Claimed Marks 0.802ms
[2024-03-17T00:18:09.960+0000][2.887s] GC(6) Concurrent Scan Root Regions
[2024-03-17T00:18:09.962+0000][2.889s] GC(6) Concurrent Scan Root Regions 1.871ms
[2024-03-17T00:18:09.962+0000][2.889s] GC(6) Concurrent Mark
[2024-03-17T00:18:09.962+0000][2.890s] GC(6) Concurrent Mark From Roots
[2024-03-17T00:18:09.963+0000][2.890s] GC(6) Using 2 workers of 2 for marking
[2024-03-17T00:18:09.970+0000][2.897s] GC(6) Concurrent Mark From Roots 7.129ms
[2024-03-17T00:18:09.970+0000][2.897s] GC(6) Concurrent Preclean
[2024-03-17T00:18:09.971+0000][2.899s] GC(6) Concurrent Preclean 1.614ms
[2024-03-17T00:18:09.972+0000][2.900s] GC(6) Pause Remark
[2024-03-17T00:18:09.974+0000][2.901s] GC(6) Pause Remark 31M->31M(512M) 1.750ms
[2024-03-17T00:18:09.974+0000][2.901s] GC(6) User=0.01s Sys=0.00s Real=0.00s
[2024-03-17T00:18:09.974+0000][2.902s] GC(6) Concurrent Mark 12.128ms
[2024-03-17T00:18:09.974+0000][2.902s] GC(6) Concurrent Rebuild Remembered Sets
[2024-03-17T00:18:09.978+0000][2.905s] GC(6) Concurrent Rebuild Remembered Sets 3.547ms
[2024-03-17T00:18:09.979+0000][2.907s] GC(6) Pause Cleanup
[2024-03-17T00:18:09.979+0000][2.907s] GC(6) Pause Cleanup 32M->32M(512M) 0.148ms
[2024-03-17T00:18:09.980+0000][2.907s] GC(6) User=0.00s Sys=0.00s Real=0.00s
[2024-03-17T00:18:09.980+0000][2.907s] GC(6) Concurrent Cleanup for Next Mark
[2024-03-17T00:18:09.981+0000][2.909s] GC(6) Concurrent Cleanup for Next Mark 1.826ms
[2024-03-17T00:18:09.982+0000][2.909s] GC(6) Concurrent Mark Cycle 25.052ms
[2024-03-17T00:22:16.017+0000][248.945s] Heap
[2024-03-17T00:22:16.017+0000][248.945s]  garbage-first heap   total 524288K, used 217475K [0x00000000e0000000, 0x0000000100000000)
[2024-03-17T00:22:16.017+0000][248.945s]   region size 1024K, 191 young (195584K), 8 survivors (8192K)
[2024-03-17T00:22:16.017+0000][248.945s]  Metaspace       used 53771K, committed 54272K, reserved 1114112K
[2024-03-17T00:22:16.017+0000][248.945s]   class space    used 6920K, committed 7168K, reserved 1048576K
