[2024-03-17T00:24:25.894+0000][0.004s] Using G1
[2024-03-17T00:24:26.083+0000][0.193s] Version: 17.0.10+7 (release)
[2024-03-17T00:24:26.084+0000][0.194s] CPUs: 8 total, 8 available
[2024-03-17T00:24:26.084+0000][0.194s] Memory: 3923M
[2024-03-17T00:24:26.084+0000][0.194s] Large Page Support: Disabled
[2024-03-17T00:24:26.084+0000][0.194s] NUMA Support: Disabled
[2024-03-17T00:24:26.084+0000][0.194s] Compressed Oops: Enabled (32-bit)
[2024-03-17T00:24:26.084+0000][0.194s] Heap Region Size: 1M
[2024-03-17T00:24:26.084+0000][0.194s] Heap Min Capacity: 512M
[2024-03-17T00:24:26.084+0000][0.194s] Heap Initial Capacity: 512M
[2024-03-17T00:24:26.084+0000][0.194s] Heap Max Capacity: 512M
[2024-03-17T00:24:26.085+0000][0.194s] Pre-touch: Enabled
[2024-03-17T00:24:26.085+0000][0.195s] Parallel Workers: 8
[2024-03-17T00:24:26.085+0000][0.195s] Concurrent Workers: 2
[2024-03-17T00:24:26.085+0000][0.195s] Concurrent Refinement Workers: 8
[2024-03-17T00:24:26.085+0000][0.195s] Periodic GC: Disabled
[2024-03-17T00:24:26.090+0000][0.200s] CDS archive(s) mapped at: [0x0000004800000000-0x0000004800a5f000-0x0000004800a5f000), size 10874880, SharedBaseAddress: 0x0000004800000000, ArchiveRelocationMode: 1.
[2024-03-17T00:24:26.091+0000][0.201s] Compressed class space mapped at: 0x0000004801000000-0x0000004841000000, reserved size: 1073741824
[2024-03-17T00:24:26.091+0000][0.201s] Narrow klass base: 0x0000004800000000, Narrow klass shift: 0, Narrow klass range: 0x100000000
[2024-03-17T00:24:26.405+0000][0.514s] GC(0) Pause Young (Normal) (G1 Evacuation Pause)
[2024-03-17T00:24:26.405+0000][0.515s] GC(0) Using 8 workers of 8 for evacuation
[2024-03-17T00:24:26.408+0000][0.518s] GC(0)   Pre Evacuate Collection Set: 0.1ms
[2024-03-17T00:24:26.408+0000][0.518s] GC(0)   Merge Heap Roots: 0.1ms
[2024-03-17T00:24:26.409+0000][0.519s] GC(0)   Evacuate Collection Set: 2.4ms
[2024-03-17T00:24:26.409+0000][0.519s] GC(0)   Post Evacuate Collection Set: 0.4ms
[2024-03-17T00:24:26.409+0000][0.519s] GC(0)   Other: 0.8ms
[2024-03-17T00:24:26.409+0000][0.519s] GC(0) Eden regions: 29->0(57)
[2024-03-17T00:24:26.409+0000][0.519s] GC(0) Survivor regions: 0->4(4)
[2024-03-17T00:24:26.409+0000][0.519s] GC(0) Old regions: 0->1
[2024-03-17T00:24:26.409+0000][0.519s] GC(0) Archive regions: 2->2
[2024-03-17T00:24:26.409+0000][0.519s] GC(0) Humongous regions: 0->0
[2024-03-17T00:24:26.409+0000][0.519s] GC(0) Metaspace: 9989K(10304K)->9989K(10304K) NonClass: 8737K(8896K)->8737K(8896K) Class: 1251K(1408K)->1251K(1408K)
[2024-03-17T00:24:26.409+0000][0.519s] GC(0) Pause Young (Normal) (G1 Evacuation Pause) 29M->5M(512M) 4.859ms
[2024-03-17T00:24:26.409+0000][0.519s] GC(0) User=0.01s Sys=0.00s Real=0.00s
[2024-03-17T00:24:26.664+0000][0.774s] GC(1) Pause Young (Normal) (G1 Evacuation Pause)
[2024-03-17T00:24:26.664+0000][0.774s] GC(1) Using 8 workers of 8 for evacuation
[2024-03-17T00:24:26.670+0000][0.780s] GC(1)   Pre Evacuate Collection Set: 0.1ms
[2024-03-17T00:24:26.670+0000][0.780s] GC(1)   Merge Heap Roots: 0.1ms
[2024-03-17T00:24:26.671+0000][0.780s] GC(1)   Evacuate Collection Set: 5.3ms
[2024-03-17T00:24:26.671+0000][0.781s] GC(1)   Post Evacuate Collection Set: 0.5ms
[2024-03-17T00:24:26.671+0000][0.781s] GC(1)   Other: 0.4ms
[2024-03-17T00:24:26.671+0000][0.781s] GC(1) Eden regions: 57->0(66)
[2024-03-17T00:24:26.671+0000][0.781s] GC(1) Survivor regions: 4->8(8)
[2024-03-17T00:24:26.671+0000][0.781s] GC(1) Old regions: 1->10
[2024-03-17T00:24:26.671+0000][0.781s] GC(1) Archive regions: 2->2
[2024-03-17T00:24:26.671+0000][0.781s] GC(1) Humongous regions: 4->4
[2024-03-17T00:24:26.671+0000][0.781s] GC(1) Metaspace: 17854K(18112K)->17854K(18112K) NonClass: 15641K(15808K)->15641K(15808K) Class: 2213K(2304K)->2213K(2304K)
[2024-03-17T00:24:26.671+0000][0.781s] GC(1) Pause Young (Normal) (G1 Evacuation Pause) 66M->21M(512M) 7.239ms
[2024-03-17T00:24:26.671+0000][0.781s] GC(1) User=0.04s Sys=0.00s Real=0.01s
[2024-03-17T00:24:26.790+0000][0.900s] GC(2) Pause Young (Concurrent Start) (Metadata GC Threshold)
[2024-03-17T00:24:26.790+0000][0.900s] GC(2) Using 8 workers of 8 for evacuation
[2024-03-17T00:24:26.794+0000][0.904s] GC(2)   Pre Evacuate Collection Set: 0.1ms
[2024-03-17T00:24:26.794+0000][0.904s] GC(2)   Merge Heap Roots: 0.1ms
[2024-03-17T00:24:26.794+0000][0.904s] GC(2)   Evacuate Collection Set: 2.9ms
[2024-03-17T00:24:26.794+0000][0.904s] GC(2)   Post Evacuate Collection Set: 0.4ms
[2024-03-17T00:24:26.794+0000][0.904s] GC(2)   Other: 0.6ms
[2024-03-17T00:24:26.795+0000][0.905s] GC(2) Eden regions: 24->0(77)
[2024-03-17T00:24:26.795+0000][0.905s] GC(2) Survivor regions: 8->2(10)
[2024-03-17T00:24:26.795+0000][0.905s] GC(2) Old regions: 10->18
[2024-03-17T00:24:26.795+0000][0.905s] GC(2) Archive regions: 2->2
[2024-03-17T00:24:26.795+0000][0.905s] GC(2) Humongous regions: 4->4
[2024-03-17T00:24:26.795+0000][0.905s] GC(2) Metaspace: 21182K(21504K)->21182K(21504K) NonClass: 18560K(18688K)->18560K(18688K) Class: 2622K(2816K)->2622K(2816K)
[2024-03-17T00:24:26.795+0000][0.905s] GC(2) Pause Young (Concurrent Start) (Metadata GC Threshold) 45M->23M(512M) 5.115ms
[2024-03-17T00:24:26.795+0000][0.905s] GC(2) User=0.02s Sys=0.00s Real=0.01s
[2024-03-17T00:24:26.795+0000][0.905s] GC(3) Concurrent Mark Cycle
[2024-03-17T00:24:26.795+0000][0.905s] GC(3) Concurrent Clear Claimed Marks
[2024-03-17T00:24:26.796+0000][0.906s] GC(3) Concurrent Clear Claimed Marks 0.241ms
[2024-03-17T00:24:26.796+0000][0.906s] GC(3) Concurrent Scan Root Regions
[2024-03-17T00:24:26.798+0000][0.908s] GC(3) Concurrent Scan Root Regions 1.725ms
[2024-03-17T00:24:26.798+0000][0.908s] GC(3) Concurrent Mark
[2024-03-17T00:24:26.798+0000][0.908s] GC(3) Concurrent Mark From Roots
[2024-03-17T00:24:26.798+0000][0.908s] GC(3) Using 2 workers of 2 for marking
[2024-03-17T00:24:26.802+0000][0.912s] GC(3) Concurrent Mark From Roots 3.728ms
[2024-03-17T00:24:26.802+0000][0.912s] GC(3) Concurrent Preclean
[2024-03-17T00:24:26.802+0000][0.912s] GC(3) Concurrent Preclean 0.161ms
[2024-03-17T00:24:26.803+0000][0.913s] GC(3) Pause Remark
[2024-03-17T00:24:26.805+0000][0.915s] GC(3) Pause Remark 25M->25M(512M) 1.394ms
[2024-03-17T00:24:26.805+0000][0.915s] GC(3) User=0.00s Sys=0.00s Real=0.00s
[2024-03-17T00:24:26.805+0000][0.915s] GC(3) Concurrent Mark 7.326ms
[2024-03-17T00:24:26.805+0000][0.915s] GC(3) Concurrent Rebuild Remembered Sets
[2024-03-17T00:24:26.809+0000][0.919s] GC(3) Concurrent Rebuild Remembered Sets 3.694ms
[2024-03-17T00:24:26.809+0000][0.919s] GC(3) Pause Cleanup
[2024-03-17T00:24:26.809+0000][0.919s] GC(3) Pause Cleanup 25M->25M(512M) 0.181ms
[2024-03-17T00:24:26.810+0000][0.919s] GC(3) User=0.00s Sys=0.00s Real=0.00s
[2024-03-17T00:24:26.810+0000][0.920s] GC(3) Concurrent Cleanup for Next Mark
[2024-03-17T00:24:26.810+0000][0.920s] GC(3) Concurrent Cleanup for Next Mark 0.271ms
[2024-03-17T00:24:26.810+0000][0.920s] GC(3) Concurrent Mark Cycle 14.717ms
[2024-03-17T00:24:27.259+0000][1.369s] GC(4) Pause Young (Normal) (G1 Evacuation Pause)
[2024-03-17T00:24:27.259+0000][1.369s] GC(4) Using 8 workers of 8 for evacuation
[2024-03-17T00:24:27.263+0000][1.373s] GC(4)   Pre Evacuate Collection Set: 0.1ms
[2024-03-17T00:24:27.263+0000][1.373s] GC(4)   Merge Heap Roots: 0.1ms
[2024-03-17T00:24:27.264+0000][1.373s] GC(4)   Evacuate Collection Set: 3.0ms
[2024-03-17T00:24:27.264+0000][1.374s] GC(4)   Post Evacuate Collection Set: 0.5ms
[2024-03-17T00:24:27.264+0000][1.374s] GC(4)   Other: 0.3ms
[2024-03-17T00:24:27.264+0000][1.374s] GC(4) Eden regions: 77->0(300)
[2024-03-17T00:24:27.264+0000][1.374s] GC(4) Survivor regions: 2->7(10)
[2024-03-17T00:24:27.264+0000][1.374s] GC(4) Old regions: 18->18
[2024-03-17T00:24:27.264+0000][1.374s] GC(4) Archive regions: 2->2
[2024-03-17T00:24:27.264+0000][1.374s] GC(4) Humongous regions: 4->4
[2024-03-17T00:24:27.264+0000][1.374s] GC(4) Metaspace: 34575K(34880K)->34575K(34880K) NonClass: 30224K(30400K)->30224K(30400K) Class: 4351K(4480K)->4351K(4480K)
[2024-03-17T00:24:27.264+0000][1.374s] GC(4) Pause Young (Normal) (G1 Evacuation Pause) 100M->29M(512M) 4.861ms
[2024-03-17T00:24:27.264+0000][1.374s] GC(4) User=0.03s Sys=0.00s Real=0.01s
[2024-03-17T00:24:27.296+0000][1.406s] GC(5) Pause Young (Concurrent Start) (GCLocker Initiated GC)
[2024-03-17T00:24:27.297+0000][1.406s] GC(5) Using 8 workers of 8 for evacuation
[2024-03-17T00:24:27.299+0000][1.409s] GC(5)   Pre Evacuate Collection Set: 0.1ms
[2024-03-17T00:24:27.299+0000][1.409s] GC(5)   Merge Heap Roots: 0.1ms
[2024-03-17T00:24:27.299+0000][1.409s] GC(5)   Evacuate Collection Set: 1.9ms
[2024-03-17T00:24:27.299+0000][1.409s] GC(5)   Post Evacuate Collection Set: 0.3ms
[2024-03-17T00:24:27.299+0000][1.409s] GC(5)   Other: 0.4ms
[2024-03-17T00:24:27.300+0000][1.409s] GC(5) Eden regions: 9->0(299)
[2024-03-17T00:24:27.300+0000][1.410s] GC(5) Survivor regions: 7->8(39)
[2024-03-17T00:24:27.300+0000][1.410s] GC(5) Old regions: 18->18
[2024-03-17T00:24:27.300+0000][1.410s] GC(5) Archive regions: 2->2
[2024-03-17T00:24:27.300+0000][1.410s] GC(5) Humongous regions: 4->4
[2024-03-17T00:24:27.300+0000][1.410s] GC(5) Metaspace: 35782K(36224K)->35782K(36224K) NonClass: 31275K(31488K)->31275K(31488K) Class: 4506K(4736K)->4506K(4736K)
[2024-03-17T00:24:27.300+0000][1.410s] GC(5) Pause Young (Concurrent Start) (GCLocker Initiated GC) 38M->29M(512M) 3.769ms
[2024-03-17T00:24:27.300+0000][1.410s] GC(5) User=0.01s Sys=0.00s Real=0.00s
[2024-03-17T00:24:27.300+0000][1.410s] GC(6) Concurrent Mark Cycle
[2024-03-17T00:24:27.300+0000][1.410s] GC(6) Concurrent Clear Claimed Marks
[2024-03-17T00:24:27.301+0000][1.411s] GC(6) Concurrent Clear Claimed Marks 0.261ms
[2024-03-17T00:24:27.301+0000][1.411s] GC(6) Concurrent Scan Root Regions
[2024-03-17T00:24:27.303+0000][1.413s] GC(6) Concurrent Scan Root Regions 2.095ms
[2024-03-17T00:24:27.303+0000][1.413s] GC(6) Concurrent Mark
[2024-03-17T00:24:27.303+0000][1.413s] GC(6) Concurrent Mark From Roots
[2024-03-17T00:24:27.303+0000][1.413s] GC(6) Using 2 workers of 2 for marking
[2024-03-17T00:24:27.310+0000][1.420s] GC(6) Concurrent Mark From Roots 6.708ms
[2024-03-17T00:24:27.311+0000][1.421s] GC(6) Concurrent Preclean
[2024-03-17T00:24:27.311+0000][1.421s] GC(6) Concurrent Preclean 0.143ms
[2024-03-17T00:24:27.311+0000][1.421s] GC(6) Pause Remark
[2024-03-17T00:24:27.313+0000][1.423s] GC(6) Pause Remark 32M->32M(512M) 1.868ms
[2024-03-17T00:24:27.313+0000][1.423s] GC(6) User=0.01s Sys=0.00s Real=0.00s
[2024-03-17T00:24:27.313+0000][1.423s] GC(6) Concurrent Mark 10.398ms
[2024-03-17T00:24:27.316+0000][1.425s] GC(6) Concurrent Rebuild Remembered Sets
[2024-03-17T00:24:27.319+0000][1.429s] GC(6) Concurrent Rebuild Remembered Sets 3.756ms
[2024-03-17T00:24:27.320+0000][1.430s] GC(6) Pause Cleanup
[2024-03-17T00:24:27.320+0000][1.430s] GC(6) Pause Cleanup 33M->33M(512M) 0.219ms
[2024-03-17T00:24:27.320+0000][1.430s] GC(6) User=0.00s Sys=0.00s Real=0.00s
[2024-03-17T00:24:27.320+0000][1.430s] GC(6) Concurrent Cleanup for Next Mark
[2024-03-17T00:24:27.320+0000][1.430s] GC(6) Concurrent Cleanup for Next Mark 0.392ms
[2024-03-17T00:24:27.321+0000][1.431s] GC(6) Concurrent Mark Cycle 20.398ms
[2024-03-17T00:25:02.740+0000][36.851s] Heap
[2024-03-17T00:25:02.741+0000][36.851s]  garbage-first heap   total 524288K, used 230339K [0x00000000e0000000, 0x0000000100000000)
[2024-03-17T00:25:02.741+0000][36.851s]   region size 1024K, 204 young (208896K), 8 survivors (8192K)
[2024-03-17T00:25:02.741+0000][36.851s]  Metaspace       used 53129K, committed 53632K, reserved 1114112K
[2024-03-17T00:25:02.741+0000][36.851s]   class space    used 6904K, committed 7168K, reserved 1048576K
