[2024-03-17T16:55:24.278+0000][0.007s] Using G1
[2024-03-17T16:55:24.726+0000][0.455s] Version: 17.0.10+7 (release)
[2024-03-17T16:55:24.727+0000][0.455s] CPUs: 8 total, 8 available
[2024-03-17T16:55:24.727+0000][0.456s] Memory: 3923M
[2024-03-17T16:55:24.727+0000][0.456s] Large Page Support: Disabled
[2024-03-17T16:55:24.727+0000][0.456s] NUMA Support: Disabled
[2024-03-17T16:55:24.727+0000][0.456s] Compressed Oops: Enabled (32-bit)
[2024-03-17T16:55:24.727+0000][0.456s] Heap Region Size: 1M
[2024-03-17T16:55:24.727+0000][0.456s] Heap Min Capacity: 512M
[2024-03-17T16:55:24.727+0000][0.456s] Heap Initial Capacity: 512M
[2024-03-17T16:55:24.728+0000][0.456s] Heap Max Capacity: 512M
[2024-03-17T16:55:24.728+0000][0.457s] Pre-touch: Enabled
[2024-03-17T16:55:24.728+0000][0.457s] Parallel Workers: 8
[2024-03-17T16:55:24.728+0000][0.457s] Concurrent Workers: 2
[2024-03-17T16:55:24.728+0000][0.457s] Concurrent Refinement Workers: 8
[2024-03-17T16:55:24.728+0000][0.457s] Periodic GC: Disabled
[2024-03-17T16:55:24.747+0000][0.476s] CDS archive(s) mapped at: [0x000000d000000000-0x000000d000a5f000-0x000000d000a5f000), size 10874880, SharedBaseAddress: 0x000000d000000000, ArchiveRelocationMode: 1.
[2024-03-17T16:55:24.747+0000][0.476s] Compressed class space mapped at: 0x000000d001000000-0x000000d041000000, reserved size: 1073741824
[2024-03-17T16:55:24.747+0000][0.476s] Narrow klass base: 0x000000d000000000, Narrow klass shift: 0, Narrow klass range: 0x100000000
[2024-03-17T16:55:25.185+0000][0.914s] GC(0) Pause Young (Normal) (G1 Evacuation Pause)
[2024-03-17T16:55:25.185+0000][0.914s] GC(0) Using 8 workers of 8 for evacuation
[2024-03-17T16:55:25.188+0000][0.917s] GC(0)   Pre Evacuate Collection Set: 0.1ms
[2024-03-17T16:55:25.188+0000][0.917s] GC(0)   Merge Heap Roots: 0.1ms
[2024-03-17T16:55:25.188+0000][0.917s] GC(0)   Evacuate Collection Set: 1.9ms
[2024-03-17T16:55:25.188+0000][0.917s] GC(0)   Post Evacuate Collection Set: 0.5ms
[2024-03-17T16:55:25.188+0000][0.917s] GC(0)   Other: 0.3ms
[2024-03-17T16:55:25.188+0000][0.917s] GC(0) Eden regions: 29->0(58)
[2024-03-17T16:55:25.188+0000][0.917s] GC(0) Survivor regions: 0->4(4)
[2024-03-17T16:55:25.188+0000][0.917s] GC(0) Old regions: 0->1
[2024-03-17T16:55:25.188+0000][0.917s] GC(0) Archive regions: 2->2
[2024-03-17T16:55:25.188+0000][0.917s] GC(0) Humongous regions: 0->0
[2024-03-17T16:55:25.188+0000][0.917s] GC(0) Metaspace: 9958K(10240K)->9958K(10240K) NonClass: 8718K(8832K)->8718K(8832K) Class: 1239K(1408K)->1239K(1408K)
[2024-03-17T16:55:25.189+0000][0.918s] GC(0) Pause Young (Normal) (G1 Evacuation Pause) 29M->5M(512M) 3.702ms
[2024-03-17T16:55:25.189+0000][0.918s] GC(0) User=0.02s Sys=0.00s Real=0.00s
[2024-03-17T16:55:25.555+0000][1.284s] GC(1) Pause Young (Normal) (G1 Evacuation Pause)
[2024-03-17T16:55:25.555+0000][1.284s] GC(1) Using 8 workers of 8 for evacuation
[2024-03-17T16:55:25.561+0000][1.290s] GC(1)   Pre Evacuate Collection Set: 0.1ms
[2024-03-17T16:55:25.561+0000][1.290s] GC(1)   Merge Heap Roots: 0.0ms
[2024-03-17T16:55:25.561+0000][1.290s] GC(1)   Evacuate Collection Set: 5.2ms
[2024-03-17T16:55:25.561+0000][1.290s] GC(1)   Post Evacuate Collection Set: 0.4ms
[2024-03-17T16:55:25.561+0000][1.290s] GC(1)   Other: 0.3ms
[2024-03-17T16:55:25.561+0000][1.290s] GC(1) Eden regions: 55->0(67)
[2024-03-17T16:55:25.561+0000][1.290s] GC(1) Survivor regions: 4->8(8)
[2024-03-17T16:55:25.561+0000][1.290s] GC(1) Old regions: 1->10
[2024-03-17T16:55:25.561+0000][1.290s] GC(1) Archive regions: 2->2
[2024-03-17T16:55:25.561+0000][1.290s] GC(1) Humongous regions: 4->4
[2024-03-17T16:55:25.561+0000][1.290s] GC(1) Metaspace: 17865K(18112K)->17865K(18112K) NonClass: 15652K(15808K)->15652K(15808K) Class: 2213K(2304K)->2213K(2304K)
[2024-03-17T16:55:25.561+0000][1.290s] GC(1) Pause Young (Normal) (G1 Evacuation Pause) 64M->21M(512M) 6.627ms
[2024-03-17T16:55:25.561+0000][1.290s] GC(1) User=0.04s Sys=0.00s Real=0.00s
[2024-03-17T16:55:25.717+0000][1.446s] GC(2) Pause Young (Concurrent Start) (Metadata GC Threshold)
[2024-03-17T16:55:25.717+0000][1.446s] GC(2) Using 8 workers of 8 for evacuation
[2024-03-17T16:55:25.721+0000][1.450s] GC(2)   Pre Evacuate Collection Set: 0.1ms
[2024-03-17T16:55:25.721+0000][1.450s] GC(2)   Merge Heap Roots: 0.1ms
[2024-03-17T16:55:25.721+0000][1.450s] GC(2)   Evacuate Collection Set: 2.6ms
[2024-03-17T16:55:25.721+0000][1.450s] GC(2)   Post Evacuate Collection Set: 0.4ms
[2024-03-17T16:55:25.721+0000][1.450s] GC(2)   Other: 0.6ms
[2024-03-17T16:55:25.721+0000][1.450s] GC(2) Eden regions: 25->0(79)
[2024-03-17T16:55:25.721+0000][1.450s] GC(2) Survivor regions: 8->7(10)
[2024-03-17T16:55:25.721+0000][1.450s] GC(2) Old regions: 10->13
[2024-03-17T16:55:25.721+0000][1.450s] GC(2) Archive regions: 2->2
[2024-03-17T16:55:25.721+0000][1.450s] GC(2) Humongous regions: 4->4
[2024-03-17T16:55:25.721+0000][1.450s] GC(2) Metaspace: 21149K(21504K)->21149K(21504K) NonClass: 18533K(18688K)->18533K(18688K) Class: 2615K(2816K)->2615K(2816K)
[2024-03-17T16:55:25.721+0000][1.450s] GC(2) Pause Young (Concurrent Start) (Metadata GC Threshold) 46M->24M(512M) 4.366ms
[2024-03-17T16:55:25.721+0000][1.450s] GC(2) User=0.02s Sys=0.00s Real=0.00s
[2024-03-17T16:55:25.722+0000][1.450s] GC(3) Concurrent Mark Cycle
[2024-03-17T16:55:25.722+0000][1.451s] GC(3) Concurrent Clear Claimed Marks
[2024-03-17T16:55:25.722+0000][1.451s] GC(3) Concurrent Clear Claimed Marks 0.159ms
[2024-03-17T16:55:25.722+0000][1.451s] GC(3) Concurrent Scan Root Regions
[2024-03-17T16:55:25.723+0000][1.452s] GC(3) Concurrent Scan Root Regions 1.308ms
[2024-03-17T16:55:25.723+0000][1.452s] GC(3) Concurrent Mark
[2024-03-17T16:55:25.723+0000][1.452s] GC(3) Concurrent Mark From Roots
[2024-03-17T16:55:25.723+0000][1.452s] GC(3) Using 2 workers of 2 for marking
[2024-03-17T16:55:25.728+0000][1.457s] GC(3) Concurrent Mark From Roots 4.280ms
[2024-03-17T16:55:25.728+0000][1.457s] GC(3) Concurrent Preclean
[2024-03-17T16:55:25.728+0000][1.457s] GC(3) Concurrent Preclean 0.098ms
[2024-03-17T16:55:25.728+0000][1.457s] GC(3) Pause Remark
[2024-03-17T16:55:25.729+0000][1.458s] GC(3) Pause Remark 25M->25M(512M) 1.101ms
[2024-03-17T16:55:25.729+0000][1.458s] GC(3) User=0.01s Sys=0.00s Real=0.00s
[2024-03-17T16:55:25.729+0000][1.458s] GC(3) Concurrent Mark 5.932ms
[2024-03-17T16:55:25.729+0000][1.458s] GC(3) Concurrent Rebuild Remembered Sets
[2024-03-17T16:55:25.732+0000][1.461s] GC(3) Concurrent Rebuild Remembered Sets 2.924ms
[2024-03-17T16:55:25.732+0000][1.461s] GC(3) Pause Cleanup
[2024-03-17T16:55:25.733+0000][1.462s] GC(3) Pause Cleanup 26M->26M(512M) 0.153ms
[2024-03-17T16:55:25.733+0000][1.462s] GC(3) User=0.00s Sys=0.00s Real=0.00s
[2024-03-17T16:55:25.733+0000][1.462s] GC(3) Concurrent Cleanup for Next Mark
[2024-03-17T16:55:25.733+0000][1.462s] GC(3) Concurrent Cleanup for Next Mark 0.234ms
[2024-03-17T16:55:25.733+0000][1.462s] GC(3) Concurrent Mark Cycle 11.599ms
[2024-03-17T16:55:26.387+0000][2.115s] GC(4) Pause Young (Normal) (G1 Evacuation Pause)
[2024-03-17T16:55:26.387+0000][2.116s] GC(4) Using 8 workers of 8 for evacuation
[2024-03-17T16:55:26.392+0000][2.121s] GC(4)   Pre Evacuate Collection Set: 0.1ms
[2024-03-17T16:55:26.393+0000][2.121s] GC(4)   Merge Heap Roots: 0.1ms
[2024-03-17T16:55:26.393+0000][2.122s] GC(4)   Evacuate Collection Set: 5.0ms
[2024-03-17T16:55:26.393+0000][2.122s] GC(4)   Post Evacuate Collection Set: 0.5ms
[2024-03-17T16:55:26.393+0000][2.122s] GC(4)   Other: 0.2ms
[2024-03-17T16:55:26.393+0000][2.122s] GC(4) Eden regions: 79->0(299)
[2024-03-17T16:55:26.393+0000][2.122s] GC(4) Survivor regions: 7->8(11)
[2024-03-17T16:55:26.393+0000][2.122s] GC(4) Old regions: 13->18
[2024-03-17T16:55:26.393+0000][2.122s] GC(4) Archive regions: 2->2
[2024-03-17T16:55:26.393+0000][2.122s] GC(4) Humongous regions: 4->4
[2024-03-17T16:55:26.393+0000][2.122s] GC(4) Metaspace: 34756K(35136K)->34756K(35136K) NonClass: 30384K(30592K)->30384K(30592K) Class: 4372K(4544K)->4372K(4544K)
[2024-03-17T16:55:26.393+0000][2.122s] GC(4) Pause Young (Normal) (G1 Evacuation Pause) 103M->29M(512M) 6.661ms
[2024-03-17T16:55:26.393+0000][2.122s] GC(4) User=0.03s Sys=0.00s Real=0.00s
[2024-03-17T16:55:26.430+0000][2.159s] GC(5) Pause Young (Concurrent Start) (Metadata GC Threshold)
[2024-03-17T16:55:26.430+0000][2.159s] GC(5) Using 8 workers of 8 for evacuation
[2024-03-17T16:55:26.433+0000][2.162s] GC(5)   Pre Evacuate Collection Set: 0.1ms
[2024-03-17T16:55:26.433+0000][2.162s] GC(5)   Merge Heap Roots: 0.0ms
[2024-03-17T16:55:26.433+0000][2.162s] GC(5)   Evacuate Collection Set: 2.3ms
[2024-03-17T16:55:26.433+0000][2.162s] GC(5)   Post Evacuate Collection Set: 0.3ms
[2024-03-17T16:55:26.433+0000][2.162s] GC(5)   Other: 0.3ms
[2024-03-17T16:55:26.433+0000][2.162s] GC(5) Eden regions: 8->0(299)
[2024-03-17T16:55:26.433+0000][2.162s] GC(5) Survivor regions: 8->8(39)
[2024-03-17T16:55:26.433+0000][2.162s] GC(5) Old regions: 18->18
[2024-03-17T16:55:26.433+0000][2.162s] GC(5) Archive regions: 2->2
[2024-03-17T16:55:26.433+0000][2.162s] GC(5) Humongous regions: 4->4
[2024-03-17T16:55:26.433+0000][2.162s] GC(5) Metaspace: 35712K(36160K)->35712K(36160K) NonClass: 31228K(31424K)->31228K(31424K) Class: 4483K(4736K)->4483K(4736K)
[2024-03-17T16:55:26.434+0000][2.162s] GC(5) Pause Young (Concurrent Start) (Metadata GC Threshold) 37M->30M(512M) 3.822ms
[2024-03-17T16:55:26.434+0000][2.163s] GC(5) User=0.01s Sys=0.00s Real=0.01s
[2024-03-17T16:55:26.434+0000][2.163s] GC(6) Concurrent Mark Cycle
[2024-03-17T16:55:26.434+0000][2.163s] GC(6) Concurrent Clear Claimed Marks
[2024-03-17T16:55:26.434+0000][2.163s] GC(6) Concurrent Clear Claimed Marks 0.085ms
[2024-03-17T16:55:26.434+0000][2.163s] GC(6) Concurrent Scan Root Regions
[2024-03-17T16:55:26.436+0000][2.165s] GC(6) Concurrent Scan Root Regions 1.671ms
[2024-03-17T16:55:26.436+0000][2.165s] GC(6) Concurrent Mark
[2024-03-17T16:55:26.436+0000][2.165s] GC(6) Concurrent Mark From Roots
[2024-03-17T16:55:26.436+0000][2.165s] GC(6) Using 2 workers of 2 for marking
[2024-03-17T16:55:26.441+0000][2.170s] GC(6) Concurrent Mark From Roots 5.586ms
[2024-03-17T16:55:26.443+0000][2.172s] GC(6) Concurrent Preclean
[2024-03-17T16:55:26.447+0000][2.176s] GC(6) Concurrent Preclean 3.449ms
[2024-03-17T16:55:26.451+0000][2.180s] GC(6) Pause Remark
[2024-03-17T16:55:26.452+0000][2.181s] GC(6) Pause Remark 33M->33M(512M) 1.346ms
[2024-03-17T16:55:26.455+0000][2.184s] GC(6) User=0.00s Sys=0.00s Real=0.01s
[2024-03-17T16:55:26.455+0000][2.184s] GC(6) Concurrent Mark 19.551ms
[2024-03-17T16:55:26.455+0000][2.184s] GC(6) Concurrent Rebuild Remembered Sets
[2024-03-17T16:55:26.460+0000][2.188s] GC(6) Concurrent Rebuild Remembered Sets 4.061ms
[2024-03-17T16:55:26.461+0000][2.189s] GC(6) Pause Cleanup
[2024-03-17T16:55:26.461+0000][2.190s] GC(6) Pause Cleanup 34M->34M(512M) 0.151ms
[2024-03-17T16:55:26.461+0000][2.190s] GC(6) User=0.00s Sys=0.00s Real=0.00s
[2024-03-17T16:55:26.461+0000][2.190s] GC(6) Concurrent Cleanup for Next Mark
[2024-03-17T16:55:26.461+0000][2.190s] GC(6) Concurrent Cleanup for Next Mark 0.253ms
[2024-03-17T16:55:26.461+0000][2.190s] GC(6) Concurrent Mark Cycle 27.636ms
[2024-03-17T17:31:29.661+0000][2165.469s] GC(7) Pause Young (Concurrent Start) (G1 Evacuation Pause)
[2024-03-17T17:31:29.662+0000][2165.470s] GC(7) Using 8 workers of 8 for evacuation
[2024-03-17T17:31:30.115+0000][2165.923s] GC(7) MMU target violated: 251.0ms (250.0ms/251.0ms)
[2024-03-17T17:31:30.116+0000][2165.923s] GC(7)   Pre Evacuate Collection Set: 6.7ms
[2024-03-17T17:31:30.116+0000][2165.924s] GC(7)   Merge Heap Roots: 2.7ms
[2024-03-17T17:31:30.116+0000][2165.924s] GC(7)   Evacuate Collection Set: 434.7ms
[2024-03-17T17:31:30.116+0000][2165.924s] GC(7)   Post Evacuate Collection Set: 4.6ms
[2024-03-17T17:31:30.116+0000][2165.924s] GC(7)   Other: 6.5ms
[2024-03-17T17:31:30.116+0000][2165.924s] GC(7) Eden regions: 299->0(103)
[2024-03-17T17:31:30.116+0000][2165.924s] GC(7) Survivor regions: 8->30(39)
[2024-03-17T17:31:30.116+0000][2165.924s] GC(7) Old regions: 18->18
[2024-03-17T17:31:30.117+0000][2165.924s] GC(7) Archive regions: 2->2
[2024-03-17T17:31:30.117+0000][2165.924s] GC(7) Humongous regions: 4->4
[2024-03-17T17:31:30.117+0000][2165.925s] GC(7) Metaspace: 55179K(55744K)->55179K(55744K) NonClass: 48054K(48384K)->48054K(48384K) Class: 7125K(7360K)->7125K(7360K)
[2024-03-17T17:31:30.117+0000][2165.925s] GC(7) Pause Young (Concurrent Start) (G1 Evacuation Pause) 329M->51M(512M) 456.290ms
[2024-03-17T17:31:30.117+0000][2165.925s] GC(7) User=3.50s Sys=0.00s Real=0.46s
[2024-03-17T17:31:30.119+0000][2165.927s] GC(8) Concurrent Mark Cycle
[2024-03-17T17:31:30.121+0000][2165.929s] GC(8) Concurrent Clear Claimed Marks
[2024-03-17T17:31:30.121+0000][2165.929s] GC(8) Concurrent Clear Claimed Marks 0.710ms
[2024-03-17T17:31:30.121+0000][2165.929s] GC(8) Concurrent Scan Root Regions
[2024-03-17T17:31:30.135+0000][2165.943s] GC(8) Concurrent Scan Root Regions 13.730ms
[2024-03-17T17:31:30.135+0000][2165.943s] GC(8) Concurrent Mark
[2024-03-17T17:31:30.135+0000][2165.943s] GC(8) Concurrent Mark From Roots
[2024-03-17T17:31:30.135+0000][2165.943s] GC(8) Using 2 workers of 2 for marking
[2024-03-17T17:31:30.168+0000][2165.976s] GC(8) Concurrent Mark From Roots 32.878ms
[2024-03-17T17:31:30.168+0000][2165.976s] GC(8) Concurrent Preclean
[2024-03-17T17:31:30.168+0000][2165.976s] GC(8) Concurrent Preclean 0.248ms
[2024-03-17T17:31:30.230+0000][2166.038s] GC(8) Pause Remark
[2024-03-17T17:31:30.360+0000][2166.168s] GC(8) Pause Remark 55M->55M(512M) 130.323ms
[2024-03-17T17:31:30.360+0000][2166.168s] GC(8) User=1.01s Sys=0.00s Real=0.13s
[2024-03-17T17:31:30.360+0000][2166.168s] GC(8) Concurrent Mark 225.475ms
[2024-03-17T17:31:30.361+0000][2166.169s] GC(8) Concurrent Rebuild Remembered Sets
[2024-03-17T17:31:30.364+0000][2166.172s] GC(8) Concurrent Rebuild Remembered Sets 3.720ms
[2024-03-17T17:31:30.370+0000][2166.177s] GC(8) Pause Cleanup
[2024-03-17T17:31:30.370+0000][2166.178s] GC(8) Pause Cleanup 56M->56M(512M) 0.178ms
[2024-03-17T17:31:30.370+0000][2166.178s] GC(8) User=0.00s Sys=0.00s Real=0.00s
[2024-03-17T17:31:30.370+0000][2166.178s] GC(8) Concurrent Cleanup for Next Mark
[2024-03-17T17:31:30.371+0000][2166.179s] GC(8) Concurrent Cleanup for Next Mark 1.400ms
[2024-03-17T17:31:30.371+0000][2166.179s] GC(8) Concurrent Mark Cycle 252.849ms
[2024-03-17T18:38:18.182+0000][6173.940s] GC(9) Pause Young (Normal) (G1 Evacuation Pause)
[2024-03-17T18:38:18.184+0000][6173.942s] GC(9) Using 8 workers of 8 for evacuation
[2024-03-17T18:38:18.307+0000][6174.065s] GC(9)   Pre Evacuate Collection Set: 3.9ms
[2024-03-17T18:38:18.308+0000][6174.065s] GC(9)   Merge Heap Roots: 1.6ms
[2024-03-17T18:38:18.308+0000][6174.065s] GC(9)   Evacuate Collection Set: 108.4ms
[2024-03-17T18:38:18.308+0000][6174.065s] GC(9)   Post Evacuate Collection Set: 6.3ms
[2024-03-17T18:38:18.308+0000][6174.065s] GC(9)   Other: 5.0ms
[2024-03-17T18:38:18.308+0000][6174.065s] GC(9) Eden regions: 103->0(188)
[2024-03-17T18:38:18.308+0000][6174.066s] GC(9) Survivor regions: 30->6(17)
[2024-03-17T18:38:18.308+0000][6174.066s] GC(9) Old regions: 18->46
[2024-03-17T18:38:18.308+0000][6174.066s] GC(9) Archive regions: 2->2
[2024-03-17T18:38:18.308+0000][6174.066s] GC(9) Humongous regions: 4->4
[2024-03-17T18:38:18.308+0000][6174.066s] GC(9) Metaspace: 57760K(58240K)->57760K(58240K) NonClass: 50369K(50624K)->50369K(50624K) Class: 7390K(7616K)->7390K(7616K)
[2024-03-17T18:38:18.310+0000][6174.068s] GC(9) Pause Young (Normal) (G1 Evacuation Pause) 154M->56M(512M) 127.690ms
[2024-03-17T18:38:18.310+0000][6174.068s] GC(9) User=0.92s Sys=0.00s Real=0.13s
[2024-03-17T18:52:57.528+0000][7053.300s] GC(10) Pause Young (Normal) (G1 Evacuation Pause)
[2024-03-17T18:52:57.530+0000][7053.302s] GC(10) Using 8 workers of 8 for evacuation
[2024-03-17T18:52:57.566+0000][7053.338s] GC(10)   Pre Evacuate Collection Set: 1.6ms
[2024-03-17T18:52:57.566+0000][7053.338s] GC(10)   Merge Heap Roots: 1.0ms
[2024-03-17T18:52:57.566+0000][7053.338s] GC(10)   Evacuate Collection Set: 29.8ms
[2024-03-17T18:52:57.566+0000][7053.338s] GC(10)   Post Evacuate Collection Set: 2.3ms
[2024-03-17T18:52:57.567+0000][7053.338s] GC(10)   Other: 3.6ms
[2024-03-17T18:52:57.567+0000][7053.338s] GC(10) Eden regions: 188->0(302)
[2024-03-17T18:52:57.567+0000][7053.338s] GC(10) Survivor regions: 6->5(25)
[2024-03-17T18:52:57.567+0000][7053.339s] GC(10) Old regions: 46->46
[2024-03-17T18:52:57.567+0000][7053.339s] GC(10) Archive regions: 2->2
[2024-03-17T18:52:57.567+0000][7053.339s] GC(10) Humongous regions: 4->4
[2024-03-17T18:52:57.567+0000][7053.339s] GC(10) Metaspace: 59612K(60224K)->59612K(60224K) NonClass: 52099K(52416K)->52099K(52416K) Class: 7513K(7808K)->7513K(7808K)
[2024-03-17T18:52:57.568+0000][7053.339s] GC(10) Pause Young (Normal) (G1 Evacuation Pause) 244M->55M(512M) 39.320ms
[2024-03-17T18:52:57.568+0000][7053.339s] GC(10) User=0.24s Sys=0.00s Real=0.04s
