[2024-03-17T02:14:34.003+0000][0.005s] Using G1
[2024-03-17T02:14:34.796+0000][0.798s] Version: 17.0.10+7 (release)
[2024-03-17T02:14:34.797+0000][0.799s] CPUs: 8 total, 8 available
[2024-03-17T02:14:34.797+0000][0.799s] Memory: 3923M
[2024-03-17T02:14:34.797+0000][0.799s] Large Page Support: Disabled
[2024-03-17T02:14:34.797+0000][0.800s] NUMA Support: Disabled
[2024-03-17T02:14:34.797+0000][0.800s] Compressed Oops: Enabled (32-bit)
[2024-03-17T02:14:34.797+0000][0.800s] Heap Region Size: 1M
[2024-03-17T02:14:34.798+0000][0.800s] Heap Min Capacity: 512M
[2024-03-17T02:14:34.798+0000][0.800s] Heap Initial Capacity: 512M
[2024-03-17T02:14:34.798+0000][0.800s] Heap Max Capacity: 512M
[2024-03-17T02:14:34.798+0000][0.800s] Pre-touch: Enabled
[2024-03-17T02:14:34.798+0000][0.800s] Parallel Workers: 8
[2024-03-17T02:14:34.798+0000][0.800s] Concurrent Workers: 2
[2024-03-17T02:14:34.798+0000][0.800s] Concurrent Refinement Workers: 8
[2024-03-17T02:14:34.798+0000][0.801s] Periodic GC: Disabled
[2024-03-17T02:14:34.864+0000][0.867s] CDS archive(s) mapped at: [0x0000005800000000-0x0000005800a5f000-0x0000005800a5f000), size 10874880, SharedBaseAddress: 0x0000005800000000, ArchiveRelocationMode: 1.
[2024-03-17T02:14:34.865+0000][0.867s] Compressed class space mapped at: 0x0000005801000000-0x0000005841000000, reserved size: 1073741824
[2024-03-17T02:14:34.865+0000][0.867s] Narrow klass base: 0x0000005800000000, Narrow klass shift: 0, Narrow klass range: 0x100000000
[2024-03-17T02:14:35.646+0000][1.649s] GC(0) Pause Young (Normal) (G1 Evacuation Pause)
[2024-03-17T02:14:35.647+0000][1.649s] GC(0) Using 8 workers of 8 for evacuation
[2024-03-17T02:14:35.650+0000][1.653s] GC(0)   Pre Evacuate Collection Set: 0.2ms
[2024-03-17T02:14:35.650+0000][1.653s] GC(0)   Merge Heap Roots: 0.3ms
[2024-03-17T02:14:35.650+0000][1.653s] GC(0)   Evacuate Collection Set: 2.1ms
[2024-03-17T02:14:35.650+0000][1.653s] GC(0)   Post Evacuate Collection Set: 0.5ms
[2024-03-17T02:14:35.651+0000][1.653s] GC(0)   Other: 0.9ms
[2024-03-17T02:14:35.651+0000][1.653s] GC(0) Eden regions: 29->0(57)
[2024-03-17T02:14:35.651+0000][1.653s] GC(0) Survivor regions: 0->4(4)
[2024-03-17T02:14:35.651+0000][1.653s] GC(0) Old regions: 0->1
[2024-03-17T02:14:35.651+0000][1.653s] GC(0) Archive regions: 2->2
[2024-03-17T02:14:35.651+0000][1.653s] GC(0) Humongous regions: 0->0
[2024-03-17T02:14:35.651+0000][1.653s] GC(0) Metaspace: 10083K(10368K)->10083K(10368K) NonClass: 8826K(8960K)->8826K(8960K) Class: 1257K(1408K)->1257K(1408K)
[2024-03-17T02:14:35.651+0000][1.653s] GC(0) Pause Young (Normal) (G1 Evacuation Pause) 29M->5M(512M) 4.611ms
[2024-03-17T02:14:35.651+0000][1.653s] GC(0) User=0.01s Sys=0.01s Real=0.00s
[2024-03-17T02:14:36.013+0000][2.015s] GC(1) Pause Young (Normal) (G1 Evacuation Pause)
[2024-03-17T02:14:36.013+0000][2.015s] GC(1) Using 8 workers of 8 for evacuation
[2024-03-17T02:14:36.020+0000][2.023s] GC(1)   Pre Evacuate Collection Set: 0.1ms
[2024-03-17T02:14:36.021+0000][2.023s] GC(1)   Merge Heap Roots: 0.1ms
[2024-03-17T02:14:36.021+0000][2.023s] GC(1)   Evacuate Collection Set: 6.5ms
[2024-03-17T02:14:36.021+0000][2.023s] GC(1)   Post Evacuate Collection Set: 0.5ms
[2024-03-17T02:14:36.021+0000][2.023s] GC(1)   Other: 0.4ms
[2024-03-17T02:14:36.021+0000][2.023s] GC(1) Eden regions: 54->0(64)
[2024-03-17T02:14:36.021+0000][2.023s] GC(1) Survivor regions: 4->8(8)
[2024-03-17T02:14:36.021+0000][2.023s] GC(1) Old regions: 1->9
[2024-03-17T02:14:36.021+0000][2.023s] GC(1) Archive regions: 2->2
[2024-03-17T02:14:36.021+0000][2.023s] GC(1) Humongous regions: 4->4
[2024-03-17T02:14:36.021+0000][2.024s] GC(1) Metaspace: 17877K(18112K)->17877K(18112K) NonClass: 15664K(15808K)->15664K(15808K) Class: 2213K(2304K)->2213K(2304K)
[2024-03-17T02:14:36.021+0000][2.024s] GC(1) Pause Young (Normal) (G1 Evacuation Pause) 63M->21M(512M) 8.430ms
[2024-03-17T02:14:36.021+0000][2.024s] GC(1) User=0.05s Sys=0.00s Real=0.01s
[2024-03-17T02:14:36.202+0000][2.204s] GC(2) Pause Young (Concurrent Start) (Metadata GC Threshold)
[2024-03-17T02:14:36.202+0000][2.205s] GC(2) Using 8 workers of 8 for evacuation
[2024-03-17T02:14:36.206+0000][2.208s] GC(2)   Pre Evacuate Collection Set: 0.1ms
[2024-03-17T02:14:36.206+0000][2.208s] GC(2)   Merge Heap Roots: 0.1ms
[2024-03-17T02:14:36.206+0000][2.209s] GC(2)   Evacuate Collection Set: 2.8ms
[2024-03-17T02:14:36.206+0000][2.209s] GC(2)   Post Evacuate Collection Set: 0.3ms
[2024-03-17T02:14:36.206+0000][2.209s] GC(2)   Other: 0.7ms
[2024-03-17T02:14:36.206+0000][2.209s] GC(2) Eden regions: 26->0(73)
[2024-03-17T02:14:36.206+0000][2.209s] GC(2) Survivor regions: 8->2(9)
[2024-03-17T02:14:36.207+0000][2.209s] GC(2) Old regions: 9->18
[2024-03-17T02:14:36.207+0000][2.209s] GC(2) Archive regions: 2->2
[2024-03-17T02:14:36.207+0000][2.209s] GC(2) Humongous regions: 4->4
[2024-03-17T02:14:36.207+0000][2.209s] GC(2) Metaspace: 21210K(21504K)->21210K(21504K) NonClass: 18589K(18752K)->18589K(18752K) Class: 2620K(2752K)->2620K(2752K)
[2024-03-17T02:14:36.207+0000][2.209s] GC(2) Pause Young (Concurrent Start) (Metadata GC Threshold) 47M->23M(512M) 4.670ms
[2024-03-17T02:14:36.207+0000][2.209s] GC(2) User=0.02s Sys=0.00s Real=0.01s
[2024-03-17T02:14:36.207+0000][2.209s] GC(3) Concurrent Mark Cycle
[2024-03-17T02:14:36.207+0000][2.209s] GC(3) Concurrent Clear Claimed Marks
[2024-03-17T02:14:36.207+0000][2.210s] GC(3) Concurrent Clear Claimed Marks 0.179ms
[2024-03-17T02:14:36.207+0000][2.210s] GC(3) Concurrent Scan Root Regions
[2024-03-17T02:14:36.209+0000][2.211s] GC(3) Concurrent Scan Root Regions 1.294ms
[2024-03-17T02:14:36.209+0000][2.211s] GC(3) Concurrent Mark
[2024-03-17T02:14:36.209+0000][2.211s] GC(3) Concurrent Mark From Roots
[2024-03-17T02:14:36.209+0000][2.211s] GC(3) Using 2 workers of 2 for marking
[2024-03-17T02:14:36.213+0000][2.215s] GC(3) Concurrent Mark From Roots 4.081ms
[2024-03-17T02:14:36.213+0000][2.215s] GC(3) Concurrent Preclean
[2024-03-17T02:14:36.213+0000][2.215s] GC(3) Concurrent Preclean 0.122ms
[2024-03-17T02:14:36.213+0000][2.216s] GC(3) Pause Remark
[2024-03-17T02:14:36.214+0000][2.217s] GC(3) Pause Remark 24M->24M(512M) 1.182ms
[2024-03-17T02:14:36.215+0000][2.217s] GC(3) User=0.01s Sys=0.00s Real=0.00s
[2024-03-17T02:14:36.215+0000][2.217s] GC(3) Concurrent Mark 5.866ms
[2024-03-17T02:14:36.215+0000][2.217s] GC(3) Concurrent Rebuild Remembered Sets
[2024-03-17T02:14:36.219+0000][2.221s] GC(3) Concurrent Rebuild Remembered Sets 4.068ms
[2024-03-17T02:14:36.219+0000][2.221s] GC(3) Pause Cleanup
[2024-03-17T02:14:36.219+0000][2.222s] GC(3) Pause Cleanup 25M->25M(512M) 0.325ms
[2024-03-17T02:14:36.219+0000][2.222s] GC(3) User=0.00s Sys=0.00s Real=0.00s
[2024-03-17T02:14:36.219+0000][2.222s] GC(3) Concurrent Cleanup for Next Mark
[2024-03-17T02:14:36.221+0000][2.223s] GC(3) Concurrent Cleanup for Next Mark 1.307ms
[2024-03-17T02:14:36.221+0000][2.223s] GC(3) Concurrent Mark Cycle 13.967ms
[2024-03-17T02:14:36.732+0000][2.734s] GC(4) Pause Young (Prepare Mixed) (G1 Evacuation Pause)
[2024-03-17T02:14:36.732+0000][2.734s] GC(4) Using 8 workers of 8 for evacuation
[2024-03-17T02:14:36.734+0000][2.736s] GC(4)   Pre Evacuate Collection Set: 0.1ms
[2024-03-17T02:14:36.734+0000][2.737s] GC(4)   Merge Heap Roots: 0.0ms
[2024-03-17T02:14:36.734+0000][2.737s] GC(4)   Evacuate Collection Set: 1.8ms
[2024-03-17T02:14:36.734+0000][2.737s] GC(4)   Post Evacuate Collection Set: 0.3ms
[2024-03-17T02:14:36.735+0000][2.737s] GC(4)   Other: 0.3ms
[2024-03-17T02:14:36.735+0000][2.737s] GC(4) Eden regions: 73->0(20)
[2024-03-17T02:14:36.735+0000][2.737s] GC(4) Survivor regions: 2->5(10)
[2024-03-17T02:14:36.735+0000][2.737s] GC(4) Old regions: 18->18
[2024-03-17T02:14:36.735+0000][2.737s] GC(4) Archive regions: 2->2
[2024-03-17T02:14:36.735+0000][2.737s] GC(4) Humongous regions: 4->4
[2024-03-17T02:14:36.735+0000][2.737s] GC(4) Metaspace: 30763K(31168K)->30763K(31168K) NonClass: 26955K(27136K)->26955K(27136K) Class: 3807K(4032K)->3807K(4032K)
[2024-03-17T02:14:36.735+0000][2.737s] GC(4) Pause Young (Prepare Mixed) (G1 Evacuation Pause) 96M->26M(512M) 3.279ms
[2024-03-17T02:14:36.735+0000][2.737s] GC(4) User=0.01s Sys=0.01s Real=0.01s
[2024-03-17T02:14:36.893+0000][2.896s] GC(5) Pause Young (Mixed) (G1 Evacuation Pause)
[2024-03-17T02:14:36.894+0000][2.896s] GC(5) Using 8 workers of 8 for evacuation
[2024-03-17T02:14:36.898+0000][2.900s] GC(5)   Pre Evacuate Collection Set: 0.1ms
[2024-03-17T02:14:36.898+0000][2.900s] GC(5)   Merge Heap Roots: 0.0ms
[2024-03-17T02:14:36.898+0000][2.900s] GC(5)   Evacuate Collection Set: 3.2ms
[2024-03-17T02:14:36.898+0000][2.900s] GC(5)   Post Evacuate Collection Set: 0.5ms
[2024-03-17T02:14:36.898+0000][2.900s] GC(5)   Other: 0.3ms
[2024-03-17T02:14:36.898+0000][2.900s] GC(5) Eden regions: 20->0(304)
[2024-03-17T02:14:36.898+0000][2.900s] GC(5) Survivor regions: 5->3(4)
[2024-03-17T02:14:36.898+0000][2.901s] GC(5) Old regions: 18->22
[2024-03-17T02:14:36.898+0000][2.901s] GC(5) Archive regions: 2->2
[2024-03-17T02:14:36.899+0000][2.901s] GC(5) Humongous regions: 4->4
[2024-03-17T02:14:36.899+0000][2.901s] GC(5) Metaspace: 34498K(34816K)->34498K(34816K) NonClass: 30170K(30336K)->30170K(30336K) Class: 4327K(4480K)->4327K(4480K)
[2024-03-17T02:14:36.899+0000][2.901s] GC(5) Pause Young (Mixed) (G1 Evacuation Pause) 46M->29M(512M) 5.734ms
[2024-03-17T02:14:36.899+0000][2.902s] GC(5) User=0.02s Sys=0.00s Real=0.01s
[2024-03-17T02:14:36.953+0000][2.955s] GC(6) Pause Young (Concurrent Start) (Metadata GC Threshold)
[2024-03-17T02:14:36.953+0000][2.955s] GC(6) Using 8 workers of 8 for evacuation
[2024-03-17T02:14:36.955+0000][2.957s] GC(6)   Pre Evacuate Collection Set: 0.1ms
[2024-03-17T02:14:36.955+0000][2.958s] GC(6)   Merge Heap Roots: 0.0ms
[2024-03-17T02:14:36.955+0000][2.958s] GC(6)   Evacuate Collection Set: 1.5ms
[2024-03-17T02:14:36.955+0000][2.958s] GC(6)   Post Evacuate Collection Set: 0.3ms
[2024-03-17T02:14:36.955+0000][2.958s] GC(6)   Other: 0.2ms
[2024-03-17T02:14:36.955+0000][2.958s] GC(6) Eden regions: 9->0(304)
[2024-03-17T02:14:36.955+0000][2.958s] GC(6) Survivor regions: 3->3(39)
[2024-03-17T02:14:36.955+0000][2.958s] GC(6) Old regions: 22->22
[2024-03-17T02:14:36.956+0000][2.958s] GC(6) Archive regions: 2->2
[2024-03-17T02:14:36.956+0000][2.958s] GC(6) Humongous regions: 4->4
[2024-03-17T02:14:36.956+0000][2.958s] GC(6) Metaspace: 35763K(36160K)->35763K(36160K) NonClass: 31275K(31424K)->31275K(31424K) Class: 4487K(4736K)->4487K(4736K)
[2024-03-17T02:14:36.956+0000][2.958s] GC(6) Pause Young (Concurrent Start) (Metadata GC Threshold) 38M->29M(512M) 2.681ms
[2024-03-17T02:14:36.956+0000][2.958s] GC(6) User=0.01s Sys=0.00s Real=0.01s
[2024-03-17T02:14:36.956+0000][2.958s] GC(7) Concurrent Mark Cycle
[2024-03-17T02:14:36.956+0000][2.959s] GC(7) Concurrent Clear Claimed Marks
[2024-03-17T02:14:36.957+0000][2.959s] GC(7) Concurrent Clear Claimed Marks 0.188ms
[2024-03-17T02:14:36.957+0000][2.959s] GC(7) Concurrent Scan Root Regions
[2024-03-17T02:14:36.958+0000][2.960s] GC(7) Concurrent Scan Root Regions 1.116ms
[2024-03-17T02:14:36.958+0000][2.960s] GC(7) Concurrent Mark
[2024-03-17T02:14:36.958+0000][2.961s] GC(7) Concurrent Mark From Roots
[2024-03-17T02:14:36.958+0000][2.961s] GC(7) Using 2 workers of 2 for marking
[2024-03-17T02:14:36.969+0000][2.971s] GC(7) Concurrent Mark From Roots 10.349ms
[2024-03-17T02:14:36.969+0000][2.971s] GC(7) Concurrent Preclean
[2024-03-17T02:14:36.969+0000][2.971s] GC(7) Concurrent Preclean 0.166ms
[2024-03-17T02:14:36.971+0000][2.973s] GC(7) Pause Remark
[2024-03-17T02:14:36.972+0000][2.975s] GC(7) Pause Remark 31M->31M(512M) 1.372ms
[2024-03-17T02:14:36.973+0000][2.975s] GC(7) User=0.01s Sys=0.00s Real=0.00s
[2024-03-17T02:14:36.973+0000][2.975s] GC(7) Concurrent Mark 14.527ms
[2024-03-17T02:14:36.973+0000][2.975s] GC(7) Concurrent Rebuild Remembered Sets
[2024-03-17T02:14:36.978+0000][2.980s] GC(7) Concurrent Rebuild Remembered Sets 4.856ms
[2024-03-17T02:14:36.979+0000][2.981s] GC(7) Pause Cleanup
[2024-03-17T02:14:36.979+0000][2.981s] GC(7) Pause Cleanup 33M->33M(512M) 0.156ms
[2024-03-17T02:14:36.979+0000][2.982s] GC(7) User=0.00s Sys=0.00s Real=0.00s
[2024-03-17T02:14:36.979+0000][2.982s] GC(7) Concurrent Cleanup for Next Mark
[2024-03-17T02:14:36.981+0000][2.983s] GC(7) Concurrent Cleanup for Next Mark 1.635ms
[2024-03-17T02:14:36.982+0000][2.984s] GC(7) Concurrent Mark Cycle 25.798ms
[2024-03-17T02:33:49.770+0000][1155.802s] Heap
[2024-03-17T02:33:49.770+0000][1155.803s]  garbage-first heap   total 524288K, used 251349K [0x00000000e0000000, 0x0000000100000000)
[2024-03-17T02:33:49.770+0000][1155.803s]   region size 1024K, 219 young (224256K), 3 survivors (3072K)
[2024-03-17T02:33:49.770+0000][1155.803s]  Metaspace       used 54702K, committed 55232K, reserved 1114112K
[2024-03-17T02:33:49.770+0000][1155.803s]   class space    used 7106K, committed 7360K, reserved 1048576K
