[2024-03-17T10:21:18.629+0000][0.004s] Using G1
[2024-03-17T10:21:18.748+0000][0.123s] Version: 17.0.10+7 (release)
[2024-03-17T10:21:18.748+0000][0.124s] CPUs: 8 total, 8 available
[2024-03-17T10:21:18.749+0000][0.124s] Memory: 3923M
[2024-03-17T10:21:18.749+0000][0.124s] Large Page Support: Disabled
[2024-03-17T10:21:18.749+0000][0.124s] NUMA Support: Disabled
[2024-03-17T10:21:18.749+0000][0.124s] Compressed Oops: Enabled (32-bit)
[2024-03-17T10:21:18.749+0000][0.124s] Heap Region Size: 1M
[2024-03-17T10:21:18.749+0000][0.124s] Heap Min Capacity: 512M
[2024-03-17T10:21:18.749+0000][0.124s] Heap Initial Capacity: 512M
[2024-03-17T10:21:18.749+0000][0.124s] Heap Max Capacity: 512M
[2024-03-17T10:21:18.749+0000][0.124s] Pre-touch: Enabled
[2024-03-17T10:21:18.749+0000][0.125s] Parallel Workers: 8
[2024-03-17T10:21:18.749+0000][0.125s] Concurrent Workers: 2
[2024-03-17T10:21:18.750+0000][0.125s] Concurrent Refinement Workers: 8
[2024-03-17T10:21:18.750+0000][0.125s] Periodic GC: Disabled
[2024-03-17T10:21:18.755+0000][0.130s] CDS archive(s) mapped at: [0x0000000700000000-0x0000000700a5f000-0x0000000700a5f000), size 10874880, SharedBaseAddress: 0x0000000700000000, ArchiveRelocationMode: 1.
[2024-03-17T10:21:18.755+0000][0.130s] Compressed class space mapped at: 0x0000000701000000-0x0000000741000000, reserved size: 1073741824
[2024-03-17T10:21:18.755+0000][0.130s] Narrow klass base: 0x0000000700000000, Narrow klass shift: 0, Narrow klass range: 0x100000000
[2024-03-17T10:21:19.152+0000][0.527s] GC(0) Pause Young (Normal) (G1 Evacuation Pause)
[2024-03-17T10:21:19.153+0000][0.528s] GC(0) Using 8 workers of 8 for evacuation
[2024-03-17T10:21:19.155+0000][0.530s] GC(0)   Pre Evacuate Collection Set: 0.2ms
[2024-03-17T10:21:19.155+0000][0.530s] GC(0)   Merge Heap Roots: 0.1ms
[2024-03-17T10:21:19.155+0000][0.531s] GC(0)   Evacuate Collection Set: 1.8ms
[2024-03-17T10:21:19.155+0000][0.531s] GC(0)   Post Evacuate Collection Set: 0.3ms
[2024-03-17T10:21:19.156+0000][0.531s] GC(0)   Other: 0.5ms
[2024-03-17T10:21:19.156+0000][0.531s] GC(0) Eden regions: 29->0(58)
[2024-03-17T10:21:19.156+0000][0.531s] GC(0) Survivor regions: 0->4(4)
[2024-03-17T10:21:19.156+0000][0.531s] GC(0) Old regions: 0->1
[2024-03-17T10:21:19.156+0000][0.531s] GC(0) Archive regions: 2->2
[2024-03-17T10:21:19.156+0000][0.531s] GC(0) Humongous regions: 0->0
[2024-03-17T10:21:19.156+0000][0.531s] GC(0) Metaspace: 10147K(10432K)->10147K(10432K) NonClass: 8884K(9024K)->8884K(9024K) Class: 1263K(1408K)->1263K(1408K)
[2024-03-17T10:21:19.156+0000][0.531s] GC(0) Pause Young (Normal) (G1 Evacuation Pause) 29M->5M(512M) 3.637ms
[2024-03-17T10:21:19.156+0000][0.531s] GC(0) User=0.02s Sys=0.00s Real=0.00s
[2024-03-17T10:21:19.498+0000][0.873s] GC(1) Pause Young (Normal) (G1 Evacuation Pause)
[2024-03-17T10:21:19.498+0000][0.874s] GC(1) Using 8 workers of 8 for evacuation
[2024-03-17T10:21:19.504+0000][0.879s] GC(1)   Pre Evacuate Collection Set: 0.1ms
[2024-03-17T10:21:19.504+0000][0.879s] GC(1)   Merge Heap Roots: 0.1ms
[2024-03-17T10:21:19.504+0000][0.879s] GC(1)   Evacuate Collection Set: 4.5ms
[2024-03-17T10:21:19.504+0000][0.879s] GC(1)   Post Evacuate Collection Set: 0.4ms
[2024-03-17T10:21:19.504+0000][0.879s] GC(1)   Other: 0.3ms
[2024-03-17T10:21:19.504+0000][0.879s] GC(1) Eden regions: 54->0(64)
[2024-03-17T10:21:19.504+0000][0.879s] GC(1) Survivor regions: 4->8(8)
[2024-03-17T10:21:19.504+0000][0.879s] GC(1) Old regions: 1->9
[2024-03-17T10:21:19.504+0000][0.879s] GC(1) Archive regions: 2->2
[2024-03-17T10:21:19.504+0000][0.879s] GC(1) Humongous regions: 4->4
[2024-03-17T10:21:19.504+0000][0.879s] GC(1) Metaspace: 17909K(18112K)->17909K(18112K) NonClass: 15695K(15808K)->15695K(15808K) Class: 2213K(2304K)->2213K(2304K)
[2024-03-17T10:21:19.504+0000][0.880s] GC(1) Pause Young (Normal) (G1 Evacuation Pause) 63M->21M(512M) 6.036ms
[2024-03-17T10:21:19.504+0000][0.880s] GC(1) User=0.04s Sys=0.00s Real=0.01s
[2024-03-17T10:21:19.658+0000][1.033s] GC(2) Pause Young (Concurrent Start) (Metadata GC Threshold)
[2024-03-17T10:21:19.658+0000][1.033s] GC(2) Using 8 workers of 8 for evacuation
[2024-03-17T10:21:19.664+0000][1.039s] GC(2)   Pre Evacuate Collection Set: 0.1ms
[2024-03-17T10:21:19.664+0000][1.040s] GC(2)   Merge Heap Roots: 0.1ms
[2024-03-17T10:21:19.665+0000][1.040s] GC(2)   Evacuate Collection Set: 5.7ms
[2024-03-17T10:21:19.665+0000][1.040s] GC(2)   Post Evacuate Collection Set: 0.4ms
[2024-03-17T10:21:19.665+0000][1.040s] GC(2)   Other: 0.6ms
[2024-03-17T10:21:19.665+0000][1.040s] GC(2) Eden regions: 25->0(72)
[2024-03-17T10:21:19.665+0000][1.040s] GC(2) Survivor regions: 8->2(9)
[2024-03-17T10:21:19.665+0000][1.040s] GC(2) Old regions: 9->18
[2024-03-17T10:21:19.665+0000][1.040s] GC(2) Archive regions: 2->2
[2024-03-17T10:21:19.665+0000][1.040s] GC(2) Humongous regions: 4->4
[2024-03-17T10:21:19.665+0000][1.040s] GC(2) Metaspace: 21162K(21504K)->21162K(21504K) NonClass: 18546K(18688K)->18546K(18688K) Class: 2615K(2816K)->2615K(2816K)
[2024-03-17T10:21:19.665+0000][1.040s] GC(2) Pause Young (Concurrent Start) (Metadata GC Threshold) 46M->23M(512M) 7.657ms
[2024-03-17T10:21:19.665+0000][1.040s] GC(2) User=0.04s Sys=0.00s Real=0.01s
[2024-03-17T10:21:19.665+0000][1.040s] GC(3) Concurrent Mark Cycle
[2024-03-17T10:21:19.666+0000][1.041s] GC(3) Concurrent Clear Claimed Marks
[2024-03-17T10:21:19.666+0000][1.041s] GC(3) Concurrent Clear Claimed Marks 0.244ms
[2024-03-17T10:21:19.666+0000][1.041s] GC(3) Concurrent Scan Root Regions
[2024-03-17T10:21:19.667+0000][1.043s] GC(3) Concurrent Scan Root Regions 1.562ms
[2024-03-17T10:21:19.668+0000][1.043s] GC(3) Concurrent Mark
[2024-03-17T10:21:19.668+0000][1.043s] GC(3) Concurrent Mark From Roots
[2024-03-17T10:21:19.668+0000][1.043s] GC(3) Using 2 workers of 2 for marking
[2024-03-17T10:21:19.673+0000][1.048s] GC(3) Concurrent Mark From Roots 4.992ms
[2024-03-17T10:21:19.673+0000][1.048s] GC(3) Concurrent Preclean
[2024-03-17T10:21:19.673+0000][1.048s] GC(3) Concurrent Preclean 0.096ms
[2024-03-17T10:21:19.673+0000][1.048s] GC(3) Pause Remark
[2024-03-17T10:21:19.674+0000][1.049s] GC(3) Pause Remark 25M->25M(512M) 1.186ms
[2024-03-17T10:21:19.674+0000][1.050s] GC(3) User=0.00s Sys=0.01s Real=0.00s
[2024-03-17T10:21:19.675+0000][1.050s] GC(3) Concurrent Mark 6.994ms
[2024-03-17T10:21:19.675+0000][1.050s] GC(3) Concurrent Rebuild Remembered Sets
[2024-03-17T10:21:19.678+0000][1.053s] GC(3) Concurrent Rebuild Remembered Sets 3.058ms
[2024-03-17T10:21:19.678+0000][1.053s] GC(3) Pause Cleanup
[2024-03-17T10:21:19.678+0000][1.053s] GC(3) Pause Cleanup 25M->25M(512M) 0.131ms
[2024-03-17T10:21:19.678+0000][1.054s] GC(3) User=0.00s Sys=0.00s Real=0.00s
[2024-03-17T10:21:19.678+0000][1.054s] GC(3) Concurrent Cleanup for Next Mark
[2024-03-17T10:21:19.679+0000][1.054s] GC(3) Concurrent Cleanup for Next Mark 0.658ms
[2024-03-17T10:21:19.679+0000][1.054s] GC(3) Concurrent Mark Cycle 13.960ms
[2024-03-17T10:21:20.182+0000][1.557s] GC(4) Pause Young (Normal) (G1 Evacuation Pause)
[2024-03-17T10:21:20.182+0000][1.557s] GC(4) Using 8 workers of 8 for evacuation
[2024-03-17T10:21:20.186+0000][1.561s] GC(4)   Pre Evacuate Collection Set: 0.1ms
[2024-03-17T10:21:20.186+0000][1.561s] GC(4)   Merge Heap Roots: 0.1ms
[2024-03-17T10:21:20.186+0000][1.562s] GC(4)   Evacuate Collection Set: 3.6ms
[2024-03-17T10:21:20.186+0000][1.562s] GC(4)   Post Evacuate Collection Set: 0.6ms
[2024-03-17T10:21:20.187+0000][1.562s] GC(4)   Other: 0.2ms
[2024-03-17T10:21:20.187+0000][1.562s] GC(4) Eden regions: 72->0(300)
[2024-03-17T10:21:20.187+0000][1.562s] GC(4) Survivor regions: 2->7(10)
[2024-03-17T10:21:20.187+0000][1.562s] GC(4) Old regions: 18->18
[2024-03-17T10:21:20.187+0000][1.562s] GC(4) Archive regions: 2->2
[2024-03-17T10:21:20.187+0000][1.562s] GC(4) Humongous regions: 4->4
[2024-03-17T10:21:20.187+0000][1.562s] GC(4) Metaspace: 33314K(33664K)->33314K(33664K) NonClass: 29166K(29376K)->29166K(29376K) Class: 4147K(4288K)->4147K(4288K)
[2024-03-17T10:21:20.187+0000][1.562s] GC(4) Pause Young (Normal) (G1 Evacuation Pause) 95M->28M(512M) 5.171ms
[2024-03-17T10:21:20.187+0000][1.562s] GC(4) User=0.02s Sys=0.00s Real=0.00s
[2024-03-17T10:21:20.306+0000][1.681s] GC(5) Pause Young (Concurrent Start) (Metadata GC Threshold)
[2024-03-17T10:21:20.306+0000][1.682s] GC(5) Using 8 workers of 8 for evacuation
[2024-03-17T10:21:20.309+0000][1.684s] GC(5)   Pre Evacuate Collection Set: 0.1ms
[2024-03-17T10:21:20.309+0000][1.685s] GC(5)   Merge Heap Roots: 0.1ms
[2024-03-17T10:21:20.309+0000][1.685s] GC(5)   Evacuate Collection Set: 2.3ms
[2024-03-17T10:21:20.310+0000][1.685s] GC(5)   Post Evacuate Collection Set: 0.3ms
[2024-03-17T10:21:20.310+0000][1.685s] GC(5)   Other: 0.3ms
[2024-03-17T10:21:20.310+0000][1.685s] GC(5) Eden regions: 19->0(299)
[2024-03-17T10:21:20.310+0000][1.685s] GC(5) Survivor regions: 7->8(39)
[2024-03-17T10:21:20.310+0000][1.685s] GC(5) Old regions: 18->18
[2024-03-17T10:21:20.310+0000][1.685s] GC(5) Archive regions: 2->2
[2024-03-17T10:21:20.310+0000][1.685s] GC(5) Humongous regions: 4->4
[2024-03-17T10:21:20.310+0000][1.685s] GC(5) Metaspace: 35730K(36160K)->35730K(36160K) NonClass: 31245K(31424K)->31245K(31424K) Class: 4485K(4736K)->4485K(4736K)
[2024-03-17T10:21:20.310+0000][1.685s] GC(5) Pause Young (Concurrent Start) (Metadata GC Threshold) 47M->29M(512M) 3.708ms
[2024-03-17T10:21:20.310+0000][1.685s] GC(5) User=0.02s Sys=0.00s Real=0.00s
[2024-03-17T10:21:20.310+0000][1.685s] GC(6) Concurrent Mark Cycle
[2024-03-17T10:21:20.311+0000][1.686s] GC(6) Concurrent Clear Claimed Marks
[2024-03-17T10:21:20.311+0000][1.686s] GC(6) Concurrent Clear Claimed Marks 0.208ms
[2024-03-17T10:21:20.311+0000][1.686s] GC(6) Concurrent Scan Root Regions
[2024-03-17T10:21:20.313+0000][1.688s] GC(6) Concurrent Scan Root Regions 1.756ms
[2024-03-17T10:21:20.313+0000][1.688s] GC(6) Concurrent Mark
[2024-03-17T10:21:20.313+0000][1.688s] GC(6) Concurrent Mark From Roots
[2024-03-17T10:21:20.313+0000][1.689s] GC(6) Using 2 workers of 2 for marking
[2024-03-17T10:21:20.320+0000][1.695s] GC(6) Concurrent Mark From Roots 6.586ms
[2024-03-17T10:21:20.320+0000][1.695s] GC(6) Concurrent Preclean
[2024-03-17T10:21:20.320+0000][1.695s] GC(6) Concurrent Preclean 0.161ms
[2024-03-17T10:21:20.321+0000][1.696s] GC(6) Pause Remark
[2024-03-17T10:21:20.323+0000][1.698s] GC(6) Pause Remark 31M->31M(512M) 1.439ms
[2024-03-17T10:21:20.323+0000][1.698s] GC(6) User=0.01s Sys=0.00s Real=0.00s
[2024-03-17T10:21:20.323+0000][1.698s] GC(6) Concurrent Mark 9.693ms
[2024-03-17T10:21:20.323+0000][1.698s] GC(6) Concurrent Rebuild Remembered Sets
[2024-03-17T10:21:20.326+0000][1.701s] GC(6) Concurrent Rebuild Remembered Sets 3.256ms
[2024-03-17T10:21:20.328+0000][1.703s] GC(6) Pause Cleanup
[2024-03-17T10:21:20.328+0000][1.704s] GC(6) Pause Cleanup 33M->33M(512M) 0.144ms
[2024-03-17T10:21:20.328+0000][1.704s] GC(6) User=0.00s Sys=0.00s Real=0.00s
[2024-03-17T10:21:20.329+0000][1.704s] GC(6) Concurrent Cleanup for Next Mark
[2024-03-17T10:21:20.329+0000][1.705s] GC(6) Concurrent Cleanup for Next Mark 0.805ms
[2024-03-17T10:21:20.330+0000][1.705s] GC(6) Concurrent Mark Cycle 19.356ms
[2024-03-17T11:38:13.878+0000][4615.396s] GC(7) Pause Young (Prepare Mixed) (G1 Evacuation Pause)
[2024-03-17T11:38:13.881+0000][4615.399s] GC(7) Using 8 workers of 8 for evacuation
[2024-03-17T11:38:14.020+0000][4615.537s] GC(7)   Pre Evacuate Collection Set: 1.2ms
[2024-03-17T11:38:14.020+0000][4615.538s] GC(7)   Merge Heap Roots: 0.9ms
[2024-03-17T11:38:14.020+0000][4615.538s] GC(7)   Evacuate Collection Set: 130.9ms
[2024-03-17T11:38:14.020+0000][4615.538s] GC(7)   Post Evacuate Collection Set: 2.6ms
[2024-03-17T11:38:14.020+0000][4615.538s] GC(7)   Other: 7.8ms
[2024-03-17T11:38:14.020+0000][4615.538s] GC(7) Eden regions: 299->0(1)
[2024-03-17T11:38:14.020+0000][4615.538s] GC(7) Survivor regions: 8->28(39)
[2024-03-17T11:38:14.020+0000][4615.538s] GC(7) Old regions: 18->18
[2024-03-17T11:38:14.020+0000][4615.538s] GC(7) Archive regions: 2->2
[2024-03-17T11:38:14.020+0000][4615.538s] GC(7) Humongous regions: 4->4
[2024-03-17T11:38:14.021+0000][4615.538s] GC(7) Metaspace: 57244K(57856K)->57244K(57856K) NonClass: 49913K(50240K)->49913K(50240K) Class: 7330K(7616K)->7330K(7616K)
[2024-03-17T11:38:14.021+0000][4615.538s] GC(7) Pause Young (Prepare Mixed) (G1 Evacuation Pause) 328M->50M(512M) 142.743ms
[2024-03-17T11:38:14.021+0000][4615.538s] GC(7) User=1.07s Sys=0.00s Real=0.14s
[2024-03-17T11:38:14.038+0000][4615.555s] GC(8) Pause Young (Mixed) (G1 Evacuation Pause)
[2024-03-17T11:38:14.038+0000][4615.556s] GC(8) Using 8 workers of 8 for evacuation
[2024-03-17T11:38:14.052+0000][4615.569s] GC(8)   Pre Evacuate Collection Set: 0.1ms
[2024-03-17T11:38:14.052+0000][4615.570s] GC(8)   Merge Heap Roots: 0.0ms
[2024-03-17T11:38:14.052+0000][4615.570s] GC(8)   Evacuate Collection Set: 13.2ms
[2024-03-17T11:38:14.052+0000][4615.570s] GC(8)   Post Evacuate Collection Set: 0.4ms
[2024-03-17T11:38:14.052+0000][4615.570s] GC(8)   Other: 0.3ms
[2024-03-17T11:38:14.052+0000][4615.570s] GC(8) Eden regions: 1->0(305)
[2024-03-17T11:38:14.052+0000][4615.570s] GC(8) Survivor regions: 28->1(4)
[2024-03-17T11:38:14.052+0000][4615.570s] GC(8) Old regions: 18->45
[2024-03-17T11:38:14.052+0000][4615.570s] GC(8) Archive regions: 2->2
[2024-03-17T11:38:14.052+0000][4615.570s] GC(8) Humongous regions: 4->4
[2024-03-17T11:38:14.053+0000][4615.570s] GC(8) Metaspace: 57253K(57856K)->57253K(57856K) NonClass: 49923K(50240K)->49923K(50240K) Class: 7330K(7616K)->7330K(7616K)
[2024-03-17T11:38:14.053+0000][4615.570s] GC(8) Pause Young (Mixed) (G1 Evacuation Pause) 51M->50M(512M) 14.677ms
[2024-03-17T11:38:14.053+0000][4615.570s] GC(8) User=0.11s Sys=0.00s Real=0.01s
[2024-03-17T11:54:15.128+0000][5576.598s] Heap
[2024-03-17T11:54:15.129+0000][5576.598s]  garbage-first heap   total 524288K, used 101014K [0x00000000e0000000, 0x0000000100000000)
[2024-03-17T11:54:15.129+0000][5576.599s]   region size 1024K, 49 young (50176K), 1 survivors (1024K)
[2024-03-17T11:54:15.129+0000][5576.599s]  Metaspace       used 57616K, committed 58176K, reserved 1114112K
[2024-03-17T11:54:15.129+0000][5576.599s]   class space    used 7356K, committed 7616K, reserved 1048576K
