[2024-03-17T02:34:21.041+0000][0.006s] Using G1
[2024-03-17T02:34:21.322+0000][0.287s] Version: 17.0.10+7 (release)
[2024-03-17T02:34:21.322+0000][0.287s] CPUs: 8 total, 8 available
[2024-03-17T02:34:21.322+0000][0.287s] Memory: 3923M
[2024-03-17T02:34:21.322+0000][0.287s] Large Page Support: Disabled
[2024-03-17T02:34:21.322+0000][0.287s] NUMA Support: Disabled
[2024-03-17T02:34:21.322+0000][0.287s] Compressed Oops: Enabled (32-bit)
[2024-03-17T02:34:21.322+0000][0.287s] Heap Region Size: 1M
[2024-03-17T02:34:21.322+0000][0.287s] Heap Min Capacity: 512M
[2024-03-17T02:34:21.323+0000][0.287s] Heap Initial Capacity: 512M
[2024-03-17T02:34:21.323+0000][0.287s] Heap Max Capacity: 512M
[2024-03-17T02:34:21.323+0000][0.287s] Pre-touch: Enabled
[2024-03-17T02:34:21.323+0000][0.288s] Parallel Workers: 8
[2024-03-17T02:34:21.323+0000][0.288s] Concurrent Workers: 2
[2024-03-17T02:34:21.323+0000][0.288s] Concurrent Refinement Workers: 8
[2024-03-17T02:34:21.323+0000][0.288s] Periodic GC: Disabled
[2024-03-17T02:34:21.343+0000][0.308s] CDS archive(s) mapped at: [0x0000000700000000-0x0000000700a5f000-0x0000000700a5f000), size 10874880, SharedBaseAddress: 0x0000000700000000, ArchiveRelocationMode: 1.
[2024-03-17T02:34:21.343+0000][0.308s] Compressed class space mapped at: 0x0000000701000000-0x0000000741000000, reserved size: 1073741824
[2024-03-17T02:34:21.343+0000][0.308s] Narrow klass base: 0x0000000700000000, Narrow klass shift: 0, Narrow klass range: 0x100000000
[2024-03-17T02:34:21.718+0000][0.682s] GC(0) Pause Young (Normal) (G1 Evacuation Pause)
[2024-03-17T02:34:21.719+0000][0.684s] GC(0) Using 8 workers of 8 for evacuation
[2024-03-17T02:34:21.722+0000][0.687s] GC(0)   Pre Evacuate Collection Set: 0.1ms
[2024-03-17T02:34:21.722+0000][0.687s] GC(0)   Merge Heap Roots: 0.1ms
[2024-03-17T02:34:21.723+0000][0.687s] GC(0)   Evacuate Collection Set: 1.9ms
[2024-03-17T02:34:21.723+0000][0.687s] GC(0)   Post Evacuate Collection Set: 0.5ms
[2024-03-17T02:34:21.723+0000][0.687s] GC(0)   Other: 2.1ms
[2024-03-17T02:34:21.723+0000][0.688s] GC(0) Eden regions: 29->0(58)
[2024-03-17T02:34:21.723+0000][0.688s] GC(0) Survivor regions: 0->4(4)
[2024-03-17T02:34:21.723+0000][0.688s] GC(0) Old regions: 0->1
[2024-03-17T02:34:21.723+0000][0.688s] GC(0) Archive regions: 2->2
[2024-03-17T02:34:21.723+0000][0.688s] GC(0) Humongous regions: 0->0
[2024-03-17T02:34:21.723+0000][0.688s] GC(0) Metaspace: 10066K(10368K)->10066K(10368K) NonClass: 8809K(8960K)->8809K(8960K) Class: 1257K(1408K)->1257K(1408K)
[2024-03-17T02:34:21.723+0000][0.688s] GC(0) Pause Young (Normal) (G1 Evacuation Pause) 29M->5M(512M) 5.521ms
[2024-03-17T02:34:21.723+0000][0.688s] GC(0) User=0.01s Sys=0.01s Real=0.00s
[2024-03-17T02:34:22.026+0000][0.991s] GC(1) Pause Young (Normal) (G1 Evacuation Pause)
[2024-03-17T02:34:22.029+0000][0.994s] GC(1) Using 8 workers of 8 for evacuation
[2024-03-17T02:34:22.034+0000][0.999s] GC(1)   Pre Evacuate Collection Set: 0.1ms
[2024-03-17T02:34:22.034+0000][0.999s] GC(1)   Merge Heap Roots: 0.1ms
[2024-03-17T02:34:22.034+0000][0.999s] GC(1)   Evacuate Collection Set: 4.2ms
[2024-03-17T02:34:22.034+0000][0.999s] GC(1)   Post Evacuate Collection Set: 0.4ms
[2024-03-17T02:34:22.034+0000][0.999s] GC(1)   Other: 3.1ms
[2024-03-17T02:34:22.035+0000][0.999s] GC(1) Eden regions: 56->0(66)
[2024-03-17T02:34:22.035+0000][0.999s] GC(1) Survivor regions: 4->8(8)
[2024-03-17T02:34:22.035+0000][0.999s] GC(1) Old regions: 1->9
[2024-03-17T02:34:22.035+0000][1.000s] GC(1) Archive regions: 2->2
[2024-03-17T02:34:22.035+0000][1.000s] GC(1) Humongous regions: 4->4
[2024-03-17T02:34:22.035+0000][1.000s] GC(1) Metaspace: 17838K(18048K)->17838K(18048K) NonClass: 15625K(15744K)->15625K(15744K) Class: 2212K(2304K)->2212K(2304K)
[2024-03-17T02:34:22.035+0000][1.000s] GC(1) Pause Young (Normal) (G1 Evacuation Pause) 65M->21M(512M) 8.703ms
[2024-03-17T02:34:22.035+0000][1.000s] GC(1) User=0.03s Sys=0.01s Real=0.00s
[2024-03-17T02:34:22.190+0000][1.154s] GC(2) Pause Young (Concurrent Start) (Metadata GC Threshold)
[2024-03-17T02:34:22.190+0000][1.155s] GC(2) Using 8 workers of 8 for evacuation
[2024-03-17T02:34:22.194+0000][1.159s] GC(2)   Pre Evacuate Collection Set: 0.1ms
[2024-03-17T02:34:22.194+0000][1.159s] GC(2)   Merge Heap Roots: 0.1ms
[2024-03-17T02:34:22.194+0000][1.159s] GC(2)   Evacuate Collection Set: 3.4ms
[2024-03-17T02:34:22.194+0000][1.159s] GC(2)   Post Evacuate Collection Set: 0.4ms
[2024-03-17T02:34:22.195+0000][1.159s] GC(2)   Other: 0.6ms
[2024-03-17T02:34:22.195+0000][1.159s] GC(2) Eden regions: 25->0(69)
[2024-03-17T02:34:22.195+0000][1.159s] GC(2) Survivor regions: 8->7(10)
[2024-03-17T02:34:22.195+0000][1.160s] GC(2) Old regions: 9->13
[2024-03-17T02:34:22.195+0000][1.160s] GC(2) Archive regions: 2->2
[2024-03-17T02:34:22.195+0000][1.160s] GC(2) Humongous regions: 4->4
[2024-03-17T02:34:22.195+0000][1.160s] GC(2) Metaspace: 21258K(21504K)->21258K(21504K) NonClass: 18628K(18752K)->18628K(18752K) Class: 2629K(2752K)->2629K(2752K)
[2024-03-17T02:34:22.195+0000][1.160s] GC(2) Pause Young (Concurrent Start) (Metadata GC Threshold) 46M->24M(512M) 5.400ms
[2024-03-17T02:34:22.195+0000][1.160s] GC(2) User=0.03s Sys=0.00s Real=0.00s
[2024-03-17T02:34:22.195+0000][1.160s] GC(3) Concurrent Mark Cycle
[2024-03-17T02:34:22.196+0000][1.160s] GC(3) Concurrent Clear Claimed Marks
[2024-03-17T02:34:22.196+0000][1.161s] GC(3) Concurrent Clear Claimed Marks 0.239ms
[2024-03-17T02:34:22.196+0000][1.161s] GC(3) Concurrent Scan Root Regions
[2024-03-17T02:34:22.198+0000][1.163s] GC(3) Concurrent Scan Root Regions 2.313ms
[2024-03-17T02:34:22.199+0000][1.164s] GC(3) Concurrent Mark
[2024-03-17T02:34:22.199+0000][1.164s] GC(3) Concurrent Mark From Roots
[2024-03-17T02:34:22.199+0000][1.164s] GC(3) Using 2 workers of 2 for marking
[2024-03-17T02:34:22.209+0000][1.174s] GC(3) Concurrent Mark From Roots 10.295ms
[2024-03-17T02:34:22.209+0000][1.174s] GC(3) Concurrent Preclean
[2024-03-17T02:34:22.210+0000][1.174s] GC(3) Concurrent Preclean 0.224ms
[2024-03-17T02:34:22.210+0000][1.175s] GC(3) Pause Remark
[2024-03-17T02:34:22.211+0000][1.176s] GC(3) Pause Remark 26M->26M(512M) 1.621ms
[2024-03-17T02:34:22.212+0000][1.176s] GC(3) User=0.01s Sys=0.01s Real=0.00s
[2024-03-17T02:34:22.212+0000][1.176s] GC(3) Concurrent Mark 12.963ms
[2024-03-17T02:34:22.212+0000][1.177s] GC(3) Concurrent Rebuild Remembered Sets
[2024-03-17T02:34:22.217+0000][1.182s] GC(3) Concurrent Rebuild Remembered Sets 5.233ms
[2024-03-17T02:34:22.217+0000][1.182s] GC(3) Pause Cleanup
[2024-03-17T02:34:22.218+0000][1.182s] GC(3) Pause Cleanup 27M->27M(512M) 0.199ms
[2024-03-17T02:34:22.218+0000][1.182s] GC(3) User=0.00s Sys=0.00s Real=0.00s
[2024-03-17T02:34:22.218+0000][1.183s] GC(3) Concurrent Cleanup for Next Mark
[2024-03-17T02:34:22.218+0000][1.183s] GC(3) Concurrent Cleanup for Next Mark 0.649ms
[2024-03-17T02:34:22.219+0000][1.183s] GC(3) Concurrent Mark Cycle 23.422ms
[2024-03-17T02:34:22.681+0000][1.646s] GC(4) Pause Young (Concurrent Start) (G1 Evacuation Pause)
[2024-03-17T02:34:22.682+0000][1.646s] GC(4) Using 8 workers of 8 for evacuation
[2024-03-17T02:34:22.685+0000][1.649s] GC(4)   Pre Evacuate Collection Set: 0.1ms
[2024-03-17T02:34:22.685+0000][1.649s] GC(4)   Merge Heap Roots: 0.1ms
[2024-03-17T02:34:22.685+0000][1.650s] GC(4)   Evacuate Collection Set: 2.2ms
[2024-03-17T02:34:22.685+0000][1.650s] GC(4)   Post Evacuate Collection Set: 0.5ms
[2024-03-17T02:34:22.685+0000][1.650s] GC(4)   Other: 0.3ms
[2024-03-17T02:34:22.685+0000][1.650s] GC(4) Eden regions: 69->0(157)
[2024-03-17T02:34:22.685+0000][1.650s] GC(4) Survivor regions: 7->6(10)
[2024-03-17T02:34:22.685+0000][1.650s] GC(4) Old regions: 13->18
[2024-03-17T02:34:22.685+0000][1.650s] GC(4) Archive regions: 2->2
[2024-03-17T02:34:22.685+0000][1.650s] GC(4) Humongous regions: 4->4
[2024-03-17T02:34:22.685+0000][1.650s] GC(4) Metaspace: 32823K(33152K)->32823K(33152K) NonClass: 28726K(28928K)->28726K(28928K) Class: 4096K(4224K)->4096K(4224K)
[2024-03-17T02:34:22.685+0000][1.650s] GC(4) Pause Young (Concurrent Start) (G1 Evacuation Pause) 93M->28M(512M) 3.918ms
[2024-03-17T02:34:22.685+0000][1.650s] GC(4) User=0.02s Sys=0.00s Real=0.01s
[2024-03-17T02:34:22.685+0000][1.650s] GC(5) Concurrent Mark Cycle
[2024-03-17T02:34:22.689+0000][1.654s] GC(5) Concurrent Clear Claimed Marks
[2024-03-17T02:34:22.689+0000][1.654s] GC(5) Concurrent Clear Claimed Marks 0.101ms
[2024-03-17T02:34:22.689+0000][1.654s] GC(5) Concurrent Scan Root Regions
[2024-03-17T02:34:22.692+0000][1.656s] GC(5) Concurrent Scan Root Regions 2.145ms
[2024-03-17T02:34:22.692+0000][1.657s] GC(5) Concurrent Mark
[2024-03-17T02:34:22.692+0000][1.657s] GC(5) Concurrent Mark From Roots
[2024-03-17T02:34:22.692+0000][1.657s] GC(5) Using 2 workers of 2 for marking
[2024-03-17T02:34:22.699+0000][1.664s] GC(5) Concurrent Mark From Roots 7.271ms
[2024-03-17T02:34:22.700+0000][1.664s] GC(5) Concurrent Preclean
[2024-03-17T02:34:22.700+0000][1.665s] GC(5) Concurrent Preclean 0.183ms
[2024-03-17T02:34:22.700+0000][1.665s] GC(5) Pause Remark
[2024-03-17T02:34:22.702+0000][1.666s] GC(5) Pause Remark 31M->31M(512M) 1.310ms
[2024-03-17T02:34:22.702+0000][1.666s] GC(5) User=0.01s Sys=0.00s Real=0.00s
[2024-03-17T02:34:22.702+0000][1.667s] GC(5) Concurrent Mark 9.965ms
[2024-03-17T02:34:22.705+0000][1.669s] GC(5) Concurrent Rebuild Remembered Sets
[2024-03-17T02:34:22.708+0000][1.673s] GC(5) Concurrent Rebuild Remembered Sets 3.605ms
[2024-03-17T02:34:22.709+0000][1.674s] GC(5) Pause Cleanup
[2024-03-17T02:34:22.709+0000][1.674s] GC(5) Pause Cleanup 32M->32M(512M) 0.130ms
[2024-03-17T02:34:22.710+0000][1.674s] GC(5) User=0.00s Sys=0.00s Real=0.00s
[2024-03-17T02:34:22.710+0000][1.674s] GC(5) Concurrent Cleanup for Next Mark
[2024-03-17T02:34:22.710+0000][1.675s] GC(5) Concurrent Cleanup for Next Mark 0.594ms
[2024-03-17T02:34:22.710+0000][1.675s] GC(5) Concurrent Mark Cycle 24.964ms
[2024-03-17T02:34:23.470+0000][2.435s] GC(6) Pause Young (Normal) (G1 Evacuation Pause)
[2024-03-17T02:34:23.471+0000][2.435s] GC(6) Using 8 workers of 8 for evacuation
[2024-03-17T02:34:23.477+0000][2.442s] GC(6)   Pre Evacuate Collection Set: 0.2ms
[2024-03-17T02:34:23.477+0000][2.442s] GC(6)   Merge Heap Roots: 0.1ms
[2024-03-17T02:34:23.477+0000][2.442s] GC(6)   Evacuate Collection Set: 5.0ms
[2024-03-17T02:34:23.477+0000][2.442s] GC(6)   Post Evacuate Collection Set: 0.9ms
[2024-03-17T02:34:23.477+0000][2.442s] GC(6)   Other: 0.4ms
[2024-03-17T02:34:23.477+0000][2.442s] GC(6) Eden regions: 157->0(286)
[2024-03-17T02:34:23.478+0000][2.442s] GC(6) Survivor regions: 6->21(21)
[2024-03-17T02:34:23.478+0000][2.442s] GC(6) Old regions: 18->18
[2024-03-17T02:34:23.478+0000][2.443s] GC(6) Archive regions: 2->2
[2024-03-17T02:34:23.478+0000][2.443s] GC(6) Humongous regions: 4->4
[2024-03-17T02:34:23.478+0000][2.443s] GC(6) Metaspace: 48160K(48640K)->48160K(48640K) NonClass: 42025K(42304K)->42025K(42304K) Class: 6135K(6336K)->6135K(6336K)
[2024-03-17T02:34:23.478+0000][2.443s] GC(6) Pause Young (Normal) (G1 Evacuation Pause) 185M->43M(512M) 7.690ms
[2024-03-17T02:34:23.478+0000][2.443s] GC(6) User=0.04s Sys=0.00s Real=0.01s
[2024-03-17T03:15:02.282+0000][2327.016s] GC(7) Pause Young (Concurrent Start) (Metadata GC Threshold)
[2024-03-17T03:15:02.286+0000][2327.020s] GC(7) Using 8 workers of 8 for evacuation
[2024-03-17T03:15:02.463+0000][2327.197s] GC(7)   Pre Evacuate Collection Set: 4.2ms
[2024-03-17T03:15:02.463+0000][2327.197s] GC(7)   Merge Heap Roots: 0.7ms
[2024-03-17T03:15:02.463+0000][2327.197s] GC(7)   Evacuate Collection Set: 145.9ms
[2024-03-17T03:15:02.463+0000][2327.197s] GC(7)   Post Evacuate Collection Set: 22.7ms
[2024-03-17T03:15:02.463+0000][2327.197s] GC(7)   Other: 7.6ms
[2024-03-17T03:15:02.464+0000][2327.197s] GC(7) Eden regions: 107->0(187)
[2024-03-17T03:15:02.464+0000][2327.197s] GC(7) Survivor regions: 21->27(39)
[2024-03-17T03:15:02.464+0000][2327.197s] GC(7) Old regions: 18->19
[2024-03-17T03:15:02.464+0000][2327.197s] GC(7) Archive regions: 2->2
[2024-03-17T03:15:02.464+0000][2327.198s] GC(7) Humongous regions: 4->4
[2024-03-17T03:15:02.464+0000][2327.198s] GC(7) Metaspace: 55235K(55808K)->55235K(55808K) NonClass: 48145K(48384K)->48145K(48384K) Class: 7090K(7424K)->7090K(7424K)
[2024-03-17T03:15:02.464+0000][2327.198s] GC(7) Pause Young (Concurrent Start) (Metadata GC Threshold) 150M->50M(512M) 181.870ms
[2024-03-17T03:15:02.464+0000][2327.198s] GC(7) User=1.23s Sys=0.00s Real=0.18s
[2024-03-17T03:15:02.468+0000][2327.201s] GC(8) Concurrent Mark Cycle
[2024-03-17T03:15:02.468+0000][2327.202s] GC(8) Concurrent Clear Claimed Marks
[2024-03-17T03:15:02.468+0000][2327.202s] GC(8) Concurrent Clear Claimed Marks 0.130ms
[2024-03-17T03:15:02.468+0000][2327.202s] GC(8) Concurrent Scan Root Regions
[2024-03-17T03:15:02.488+0000][2327.222s] GC(8) Concurrent Scan Root Regions 20.046ms
[2024-03-17T03:15:02.488+0000][2327.222s] GC(8) Concurrent Mark
[2024-03-17T03:15:02.488+0000][2327.222s] GC(8) Concurrent Mark From Roots
[2024-03-17T03:15:02.489+0000][2327.222s] GC(8) Using 2 workers of 2 for marking
[2024-03-17T03:15:02.531+0000][2327.265s] GC(8) Concurrent Mark From Roots 42.729ms
[2024-03-17T03:15:02.531+0000][2327.265s] GC(8) Concurrent Preclean
[2024-03-17T03:15:02.532+0000][2327.265s] GC(8) Concurrent Preclean 0.233ms
[2024-03-17T03:15:02.532+0000][2327.265s] GC(8) Pause Remark
[2024-03-17T03:15:02.721+0000][2327.454s] GC(8) Pause Remark 52M->52M(512M) 189.069ms
[2024-03-17T03:15:02.721+0000][2327.455s] GC(8) User=1.49s Sys=0.00s Real=0.19s
[2024-03-17T03:15:02.721+0000][2327.455s] GC(8) Concurrent Mark 232.731ms
[2024-03-17T03:15:02.721+0000][2327.455s] GC(8) Concurrent Rebuild Remembered Sets
[2024-03-17T03:15:02.725+0000][2327.458s] GC(8) Concurrent Rebuild Remembered Sets 3.492ms
[2024-03-17T03:15:02.727+0000][2327.460s] GC(8) Pause Cleanup
[2024-03-17T03:15:02.727+0000][2327.460s] GC(8) Pause Cleanup 52M->52M(512M) 0.189ms
[2024-03-17T03:15:02.727+0000][2327.460s] GC(8) User=0.00s Sys=0.00s Real=0.00s
[2024-03-17T03:15:02.727+0000][2327.461s] GC(8) Concurrent Cleanup for Next Mark
[2024-03-17T03:15:02.737+0000][2327.471s] GC(8) Concurrent Cleanup for Next Mark 10.185ms
[2024-03-17T03:15:02.737+0000][2327.471s] GC(8) Concurrent Mark Cycle 270.070ms
[2024-03-17T03:40:35.861+0000][3860.615s] Heap
[2024-03-17T03:40:35.862+0000][3860.616s]  garbage-first heap   total 524288K, used 88008K [0x00000000e0000000, 0x0000000100000000)
[2024-03-17T03:40:35.862+0000][3860.616s]   region size 1024K, 63 young (64512K), 27 survivors (27648K)
[2024-03-17T03:40:35.862+0000][3860.616s]  Metaspace       used 56740K, committed 57280K, reserved 1114112K
[2024-03-17T03:40:35.862+0000][3860.616s]   class space    used 7304K, committed 7552K, reserved 1048576K
