[2024-03-17T00:22:46.110+0000][0.004s] Using G1
[2024-03-17T00:22:46.336+0000][0.230s] Version: 17.0.10+7 (release)
[2024-03-17T00:22:46.336+0000][0.230s] CPUs: 8 total, 8 available
[2024-03-17T00:22:46.336+0000][0.230s] Memory: 3923M
[2024-03-17T00:22:46.336+0000][0.230s] Large Page Support: Disabled
[2024-03-17T00:22:46.336+0000][0.230s] NUMA Support: Disabled
[2024-03-17T00:22:46.336+0000][0.230s] Compressed Oops: Enabled (32-bit)
[2024-03-17T00:22:46.336+0000][0.230s] Heap Region Size: 1M
[2024-03-17T00:22:46.336+0000][0.230s] Heap Min Capacity: 512M
[2024-03-17T00:22:46.337+0000][0.230s] Heap Initial Capacity: 512M
[2024-03-17T00:22:46.337+0000][0.230s] Heap Max Capacity: 512M
[2024-03-17T00:22:46.337+0000][0.231s] Pre-touch: Enabled
[2024-03-17T00:22:46.337+0000][0.231s] Parallel Workers: 8
[2024-03-17T00:22:46.337+0000][0.231s] Concurrent Workers: 2
[2024-03-17T00:22:46.337+0000][0.231s] Concurrent Refinement Workers: 8
[2024-03-17T00:22:46.337+0000][0.231s] Periodic GC: Disabled
[2024-03-17T00:22:46.353+0000][0.247s] CDS archive(s) mapped at: [0x0000005000000000-0x0000005000a5f000-0x0000005000a5f000), size 10874880, SharedBaseAddress: 0x0000005000000000, ArchiveRelocationMode: 1.
[2024-03-17T00:22:46.353+0000][0.247s] Compressed class space mapped at: 0x0000005001000000-0x0000005041000000, reserved size: 1073741824
[2024-03-17T00:22:46.353+0000][0.247s] Narrow klass base: 0x0000005000000000, Narrow klass shift: 0, Narrow klass range: 0x100000000
[2024-03-17T00:22:46.747+0000][0.641s] GC(0) Pause Young (Normal) (G1 Evacuation Pause)
[2024-03-17T00:22:46.747+0000][0.641s] GC(0) Using 8 workers of 8 for evacuation
[2024-03-17T00:22:46.749+0000][0.643s] GC(0)   Pre Evacuate Collection Set: 0.1ms
[2024-03-17T00:22:46.750+0000][0.644s] GC(0)   Merge Heap Roots: 0.3ms
[2024-03-17T00:22:46.750+0000][0.644s] GC(0)   Evacuate Collection Set: 1.5ms
[2024-03-17T00:22:46.750+0000][0.644s] GC(0)   Post Evacuate Collection Set: 0.4ms
[2024-03-17T00:22:46.750+0000][0.644s] GC(0)   Other: 0.5ms
[2024-03-17T00:22:46.751+0000][0.645s] GC(0) Eden regions: 29->0(58)
[2024-03-17T00:22:46.751+0000][0.645s] GC(0) Survivor regions: 0->4(4)
[2024-03-17T00:22:46.751+0000][0.645s] GC(0) Old regions: 0->1
[2024-03-17T00:22:46.751+0000][0.645s] GC(0) Archive regions: 2->2
[2024-03-17T00:22:46.751+0000][0.645s] GC(0) Humongous regions: 0->0
[2024-03-17T00:22:46.751+0000][0.645s] GC(0) Metaspace: 9953K(10240K)->9953K(10240K) NonClass: 8711K(8832K)->8711K(8832K) Class: 1241K(1408K)->1241K(1408K)
[2024-03-17T00:22:46.751+0000][0.645s] GC(0) Pause Young (Normal) (G1 Evacuation Pause) 29M->5M(512M) 4.443ms
[2024-03-17T00:22:46.751+0000][0.645s] GC(0) User=0.02s Sys=0.00s Real=0.01s
[2024-03-17T00:22:47.074+0000][0.967s] GC(1) Pause Young (Normal) (G1 Evacuation Pause)
[2024-03-17T00:22:47.074+0000][0.968s] GC(1) Using 8 workers of 8 for evacuation
[2024-03-17T00:22:47.080+0000][0.974s] GC(1)   Pre Evacuate Collection Set: 0.2ms
[2024-03-17T00:22:47.080+0000][0.974s] GC(1)   Merge Heap Roots: 0.1ms
[2024-03-17T00:22:47.081+0000][0.974s] GC(1)   Evacuate Collection Set: 5.5ms
[2024-03-17T00:22:47.081+0000][0.974s] GC(1)   Post Evacuate Collection Set: 0.4ms
[2024-03-17T00:22:47.081+0000][0.975s] GC(1)   Other: 0.5ms
[2024-03-17T00:22:47.081+0000][0.975s] GC(1) Eden regions: 54->0(63)
[2024-03-17T00:22:47.081+0000][0.975s] GC(1) Survivor regions: 4->8(8)
[2024-03-17T00:22:47.081+0000][0.975s] GC(1) Old regions: 1->9
[2024-03-17T00:22:47.081+0000][0.975s] GC(1) Archive regions: 2->2
[2024-03-17T00:22:47.081+0000][0.975s] GC(1) Humongous regions: 4->4
[2024-03-17T00:22:47.081+0000][0.975s] GC(1) Metaspace: 17858K(18112K)->17858K(18112K) NonClass: 15645K(15808K)->15645K(15808K) Class: 2213K(2304K)->2213K(2304K)
[2024-03-17T00:22:47.081+0000][0.975s] GC(1) Pause Young (Normal) (G1 Evacuation Pause) 63M->21M(512M) 7.571ms
[2024-03-17T00:22:47.081+0000][0.975s] GC(1) User=0.04s Sys=0.01s Real=0.00s
[2024-03-17T00:22:47.243+0000][1.137s] GC(2) Pause Young (Concurrent Start) (Metadata GC Threshold)
[2024-03-17T00:22:47.243+0000][1.137s] GC(2) Using 8 workers of 8 for evacuation
[2024-03-17T00:22:47.246+0000][1.140s] GC(2)   Pre Evacuate Collection Set: 0.1ms
[2024-03-17T00:22:47.246+0000][1.140s] GC(2)   Merge Heap Roots: 0.0ms
[2024-03-17T00:22:47.246+0000][1.140s] GC(2)   Evacuate Collection Set: 2.5ms
[2024-03-17T00:22:47.247+0000][1.140s] GC(2)   Post Evacuate Collection Set: 0.4ms
[2024-03-17T00:22:47.247+0000][1.140s] GC(2)   Other: 0.5ms
[2024-03-17T00:22:47.247+0000][1.141s] GC(2) Eden regions: 28->0(84)
[2024-03-17T00:22:47.247+0000][1.141s] GC(2) Survivor regions: 8->3(9)
[2024-03-17T00:22:47.247+0000][1.141s] GC(2) Old regions: 9->17
[2024-03-17T00:22:47.247+0000][1.141s] GC(2) Archive regions: 2->2
[2024-03-17T00:22:47.247+0000][1.141s] GC(2) Humongous regions: 4->4
[2024-03-17T00:22:47.247+0000][1.141s] GC(2) Metaspace: 21259K(21504K)->21259K(21504K) NonClass: 18629K(18752K)->18629K(18752K) Class: 2629K(2752K)->2629K(2752K)
[2024-03-17T00:22:47.247+0000][1.141s] GC(2) Pause Young (Concurrent Start) (Metadata GC Threshold) 48M->24M(512M) 4.483ms
[2024-03-17T00:22:47.247+0000][1.141s] GC(2) User=0.02s Sys=0.00s Real=0.00s
[2024-03-17T00:22:47.247+0000][1.141s] GC(3) Concurrent Mark Cycle
[2024-03-17T00:22:47.248+0000][1.141s] GC(3) Concurrent Clear Claimed Marks
[2024-03-17T00:22:47.248+0000][1.142s] GC(3) Concurrent Clear Claimed Marks 0.172ms
[2024-03-17T00:22:47.248+0000][1.142s] GC(3) Concurrent Scan Root Regions
[2024-03-17T00:22:47.249+0000][1.143s] GC(3) Concurrent Scan Root Regions 1.251ms
[2024-03-17T00:22:47.249+0000][1.143s] GC(3) Concurrent Mark
[2024-03-17T00:22:47.249+0000][1.143s] GC(3) Concurrent Mark From Roots
[2024-03-17T00:22:47.249+0000][1.143s] GC(3) Using 2 workers of 2 for marking
[2024-03-17T00:22:47.254+0000][1.148s] GC(3) Concurrent Mark From Roots 4.643ms
[2024-03-17T00:22:47.254+0000][1.148s] GC(3) Concurrent Preclean
[2024-03-17T00:22:47.254+0000][1.148s] GC(3) Concurrent Preclean 0.112ms
[2024-03-17T00:22:47.256+0000][1.149s] GC(3) Pause Remark
[2024-03-17T00:22:47.257+0000][1.151s] GC(3) Pause Remark 25M->25M(512M) 1.188ms
[2024-03-17T00:22:47.257+0000][1.151s] GC(3) User=0.01s Sys=0.00s Real=0.00s
[2024-03-17T00:22:47.257+0000][1.151s] GC(3) Concurrent Mark 7.709ms
[2024-03-17T00:22:47.257+0000][1.151s] GC(3) Concurrent Rebuild Remembered Sets
[2024-03-17T00:22:47.257+0000][1.151s] GC(3) Concurrent Rebuild Remembered Sets 0.279ms
[2024-03-17T00:22:47.258+0000][1.151s] GC(3) Pause Cleanup
[2024-03-17T00:22:47.258+0000][1.152s] GC(3) Pause Cleanup 25M->25M(512M) 0.078ms
[2024-03-17T00:22:47.258+0000][1.152s] GC(3) User=0.00s Sys=0.00s Real=0.00s
[2024-03-17T00:22:47.258+0000][1.152s] GC(3) Concurrent Cleanup for Next Mark
[2024-03-17T00:22:47.259+0000][1.153s] GC(3) Concurrent Cleanup for Next Mark 0.938ms
[2024-03-17T00:22:47.259+0000][1.153s] GC(3) Concurrent Mark Cycle 11.431ms
[2024-03-17T00:22:47.770+0000][1.664s] GC(4) Pause Young (Concurrent Start) (Metadata GC Threshold)
[2024-03-17T00:22:47.771+0000][1.665s] GC(4) Using 8 workers of 8 for evacuation
[2024-03-17T00:22:47.775+0000][1.669s] GC(4)   Pre Evacuate Collection Set: 0.1ms
[2024-03-17T00:22:47.775+0000][1.669s] GC(4)   Merge Heap Roots: 0.1ms
[2024-03-17T00:22:47.775+0000][1.669s] GC(4)   Evacuate Collection Set: 3.1ms
[2024-03-17T00:22:47.775+0000][1.669s] GC(4)   Post Evacuate Collection Set: 0.6ms
[2024-03-17T00:22:47.775+0000][1.669s] GC(4)   Other: 0.6ms
[2024-03-17T00:22:47.775+0000][1.669s] GC(4) Eden regions: 84->0(168)
[2024-03-17T00:22:47.775+0000][1.669s] GC(4) Survivor regions: 3->8(11)
[2024-03-17T00:22:47.775+0000][1.669s] GC(4) Old regions: 17->17
[2024-03-17T00:22:47.776+0000][1.669s] GC(4) Archive regions: 2->2
[2024-03-17T00:22:47.776+0000][1.669s] GC(4) Humongous regions: 4->4
[2024-03-17T00:22:47.776+0000][1.669s] GC(4) Metaspace: 35926K(36288K)->35926K(36288K) NonClass: 31414K(31552K)->31414K(31552K) Class: 4512K(4736K)->4512K(4736K)
[2024-03-17T00:22:47.776+0000][1.670s] GC(4) Pause Young (Concurrent Start) (Metadata GC Threshold) 108M->29M(512M) 5.294ms
[2024-03-17T00:22:47.776+0000][1.670s] GC(4) User=0.02s Sys=0.00s Real=0.01s
[2024-03-17T00:22:47.776+0000][1.670s] GC(5) Concurrent Mark Cycle
[2024-03-17T00:22:47.776+0000][1.670s] GC(5) Concurrent Clear Claimed Marks
[2024-03-17T00:22:47.776+0000][1.670s] GC(5) Concurrent Clear Claimed Marks 0.079ms
[2024-03-17T00:22:47.776+0000][1.670s] GC(5) Concurrent Scan Root Regions
[2024-03-17T00:22:47.781+0000][1.675s] GC(5) Concurrent Scan Root Regions 4.802ms
[2024-03-17T00:22:47.782+0000][1.676s] GC(5) Concurrent Mark
[2024-03-17T00:22:47.782+0000][1.676s] GC(5) Concurrent Mark From Roots
[2024-03-17T00:22:47.782+0000][1.676s] GC(5) Using 2 workers of 2 for marking
[2024-03-17T00:22:47.789+0000][1.683s] GC(5) Concurrent Mark From Roots 7.038ms
[2024-03-17T00:22:47.789+0000][1.683s] GC(5) Concurrent Preclean
[2024-03-17T00:22:47.789+0000][1.683s] GC(5) Concurrent Preclean 0.235ms
[2024-03-17T00:22:47.792+0000][1.685s] GC(5) Pause Remark
[2024-03-17T00:22:47.793+0000][1.687s] GC(5) Pause Remark 32M->32M(512M) 1.487ms
[2024-03-17T00:22:47.793+0000][1.687s] GC(5) User=0.00s Sys=0.00s Real=0.00s
[2024-03-17T00:22:47.794+0000][1.687s] GC(5) Concurrent Mark 11.864ms
[2024-03-17T00:22:47.794+0000][1.688s] GC(5) Concurrent Rebuild Remembered Sets
[2024-03-17T00:22:47.801+0000][1.695s] GC(5) Concurrent Rebuild Remembered Sets 7.083ms
[2024-03-17T00:22:47.803+0000][1.696s] GC(5) Pause Cleanup
[2024-03-17T00:22:47.803+0000][1.697s] GC(5) Pause Cleanup 33M->33M(512M) 0.219ms
[2024-03-17T00:22:47.803+0000][1.697s] GC(5) User=0.00s Sys=0.00s Real=0.00s
[2024-03-17T00:22:47.803+0000][1.697s] GC(5) Concurrent Cleanup for Next Mark
[2024-03-17T00:22:47.804+0000][1.698s] GC(5) Concurrent Cleanup for Next Mark 1.042ms
[2024-03-17T00:22:47.804+0000][1.698s] GC(5) Concurrent Mark Cycle 28.500ms
[2024-03-17T00:23:03.209+0000][17.103s] GC(6) Pause Young (Concurrent Start) (G1 Evacuation Pause)
[2024-03-17T00:23:03.210+0000][17.104s] GC(6) Using 8 workers of 8 for evacuation
[2024-03-17T00:23:03.275+0000][17.168s] GC(6)   Pre Evacuate Collection Set: 2.1ms
[2024-03-17T00:23:03.275+0000][17.169s] GC(6)   Merge Heap Roots: 0.4ms
[2024-03-17T00:23:03.275+0000][17.169s] GC(6)   Evacuate Collection Set: 58.2ms
[2024-03-17T00:23:03.275+0000][17.169s] GC(6)   Post Evacuate Collection Set: 1.6ms
[2024-03-17T00:23:03.275+0000][17.169s] GC(6)   Other: 3.1ms
[2024-03-17T00:23:03.275+0000][17.169s] GC(6) Eden regions: 168->0(285)
[2024-03-17T00:23:03.275+0000][17.169s] GC(6) Survivor regions: 8->22(22)
[2024-03-17T00:23:03.275+0000][17.169s] GC(6) Old regions: 17->19
[2024-03-17T00:23:03.276+0000][17.169s] GC(6) Archive regions: 2->2
[2024-03-17T00:23:03.276+0000][17.169s] GC(6) Humongous regions: 4->4
[2024-03-17T00:23:03.276+0000][17.170s] GC(6) Metaspace: 51345K(51840K)->51345K(51840K) NonClass: 44701K(44928K)->44701K(44928K) Class: 6644K(6912K)->6644K(6912K)
[2024-03-17T00:23:03.276+0000][17.170s] GC(6) Pause Young (Concurrent Start) (G1 Evacuation Pause) 197M->45M(512M) 66.407ms
[2024-03-17T00:23:03.276+0000][17.170s] GC(6) User=0.47s Sys=0.00s Real=0.07s
[2024-03-17T00:23:03.276+0000][17.170s] GC(7) Concurrent Mark Cycle
[2024-03-17T00:23:03.277+0000][17.171s] GC(7) Concurrent Clear Claimed Marks
[2024-03-17T00:23:03.277+0000][17.171s] GC(7) Concurrent Clear Claimed Marks 0.197ms
[2024-03-17T00:23:03.278+0000][17.171s] GC(7) Concurrent Scan Root Regions
[2024-03-17T00:23:03.284+0000][17.178s] GC(7) Concurrent Scan Root Regions 6.621ms
[2024-03-17T00:23:03.284+0000][17.178s] GC(7) Concurrent Mark
[2024-03-17T00:23:03.285+0000][17.178s] GC(7) Concurrent Mark From Roots
[2024-03-17T00:23:03.285+0000][17.178s] GC(7) Using 2 workers of 2 for marking
[2024-03-17T00:23:03.292+0000][17.186s] GC(7) Concurrent Mark From Roots 7.232ms
[2024-03-17T00:23:03.292+0000][17.186s] GC(7) Concurrent Preclean
[2024-03-17T00:23:03.292+0000][17.186s] GC(7) Concurrent Preclean 0.124ms
[2024-03-17T00:23:03.292+0000][17.186s] GC(7) Pause Remark
[2024-03-17T00:23:03.304+0000][17.198s] GC(7) Pause Remark 46M->46M(512M) 11.421ms
[2024-03-17T00:23:03.304+0000][17.198s] GC(7) User=0.08s Sys=0.00s Real=0.01s
[2024-03-17T00:23:03.304+0000][17.198s] GC(7) Concurrent Mark 19.782ms
[2024-03-17T00:23:03.305+0000][17.198s] GC(7) Concurrent Rebuild Remembered Sets
[2024-03-17T00:23:03.309+0000][17.203s] GC(7) Concurrent Rebuild Remembered Sets 4.873ms
[2024-03-17T00:23:03.311+0000][17.204s] GC(7) Pause Cleanup
[2024-03-17T00:23:03.311+0000][17.205s] GC(7) Pause Cleanup 47M->47M(512M) 0.175ms
[2024-03-17T00:23:03.311+0000][17.205s] GC(7) User=0.00s Sys=0.00s Real=0.00s
[2024-03-17T00:23:03.311+0000][17.205s] GC(7) Concurrent Cleanup for Next Mark
[2024-03-17T00:23:03.313+0000][17.207s] GC(7) Concurrent Cleanup for Next Mark 2.145ms
[2024-03-17T00:23:03.313+0000][17.207s] GC(7) Concurrent Mark Cycle 37.120ms
[2024-03-17T00:23:45.440+0000][59.336s] Heap
[2024-03-17T00:23:45.441+0000][59.336s]  garbage-first heap   total 524288K, used 92556K [0x00000000e0000000, 0x0000000100000000)
[2024-03-17T00:23:45.441+0000][59.336s]   region size 1024K, 67 young (68608K), 22 survivors (22528K)
[2024-03-17T00:23:45.441+0000][59.336s]  Metaspace       used 53261K, committed 53760K, reserved 1114112K
[2024-03-17T00:23:45.441+0000][59.337s]   class space    used 6893K, committed 7168K, reserved 1048576K
