[2024-03-17T00:29:27.727+0000][0.006s] Using G1
[2024-03-17T00:29:27.934+0000][0.213s] Version: 17.0.10+7 (release)
[2024-03-17T00:29:27.934+0000][0.213s] CPUs: 8 total, 8 available
[2024-03-17T00:29:27.934+0000][0.213s] Memory: 3923M
[2024-03-17T00:29:27.934+0000][0.213s] Large Page Support: Disabled
[2024-03-17T00:29:27.934+0000][0.213s] NUMA Support: Disabled
[2024-03-17T00:29:27.934+0000][0.214s] Compressed Oops: Enabled (32-bit)
[2024-03-17T00:29:27.934+0000][0.214s] Heap Region Size: 1M
[2024-03-17T00:29:27.934+0000][0.214s] Heap Min Capacity: 512M
[2024-03-17T00:29:27.935+0000][0.214s] Heap Initial Capacity: 512M
[2024-03-17T00:29:27.935+0000][0.214s] Heap Max Capacity: 512M
[2024-03-17T00:29:27.935+0000][0.214s] Pre-touch: Enabled
[2024-03-17T00:29:27.935+0000][0.214s] Parallel Workers: 8
[2024-03-17T00:29:27.935+0000][0.214s] Concurrent Workers: 2
[2024-03-17T00:29:27.935+0000][0.214s] Concurrent Refinement Workers: 8
[2024-03-17T00:29:27.935+0000][0.214s] Periodic GC: Disabled
[2024-03-17T00:29:27.942+0000][0.221s] CDS archive(s) mapped at: [0x0000000400000000-0x0000000400a5f000-0x0000000400a5f000), size 10874880, SharedBaseAddress: 0x0000000400000000, ArchiveRelocationMode: 1.
[2024-03-17T00:29:27.942+0000][0.221s] Compressed class space mapped at: 0x0000000401000000-0x0000000441000000, reserved size: 1073741824
[2024-03-17T00:29:27.942+0000][0.221s] Narrow klass base: 0x0000000400000000, Narrow klass shift: 0, Narrow klass range: 0x100000000
[2024-03-17T00:29:28.406+0000][0.685s] GC(0) Pause Young (Normal) (G1 Evacuation Pause)
[2024-03-17T00:29:28.406+0000][0.685s] GC(0) Using 8 workers of 8 for evacuation
[2024-03-17T00:29:28.409+0000][0.688s] GC(0)   Pre Evacuate Collection Set: 0.1ms
[2024-03-17T00:29:28.409+0000][0.688s] GC(0)   Merge Heap Roots: 0.2ms
[2024-03-17T00:29:28.409+0000][0.688s] GC(0)   Evacuate Collection Set: 2.1ms
[2024-03-17T00:29:28.409+0000][0.688s] GC(0)   Post Evacuate Collection Set: 0.3ms
[2024-03-17T00:29:28.409+0000][0.688s] GC(0)   Other: 0.3ms
[2024-03-17T00:29:28.409+0000][0.688s] GC(0) Eden regions: 29->0(57)
[2024-03-17T00:29:28.409+0000][0.688s] GC(0) Survivor regions: 0->4(4)
[2024-03-17T00:29:28.409+0000][0.688s] GC(0) Old regions: 0->1
[2024-03-17T00:29:28.409+0000][0.689s] GC(0) Archive regions: 2->2
[2024-03-17T00:29:28.409+0000][0.689s] GC(0) Humongous regions: 4->4
[2024-03-17T00:29:28.410+0000][0.689s] GC(0) Metaspace: 10141K(10432K)->10141K(10432K) NonClass: 8874K(9024K)->8874K(9024K) Class: 1267K(1408K)->1267K(1408K)
[2024-03-17T00:29:28.410+0000][0.689s] GC(0) Pause Young (Normal) (G1 Evacuation Pause) 33M->9M(512M) 3.905ms
[2024-03-17T00:29:28.410+0000][0.689s] GC(0) User=0.01s Sys=0.00s Real=0.01s
[2024-03-17T00:29:28.772+0000][1.051s] GC(1) Pause Young (Normal) (G1 Evacuation Pause)
[2024-03-17T00:29:28.774+0000][1.053s] GC(1) Using 8 workers of 8 for evacuation
[2024-03-17T00:29:28.783+0000][1.063s] GC(1)   Pre Evacuate Collection Set: 0.1ms
[2024-03-17T00:29:28.784+0000][1.063s] GC(1)   Merge Heap Roots: 0.1ms
[2024-03-17T00:29:28.784+0000][1.063s] GC(1)   Evacuate Collection Set: 8.9ms
[2024-03-17T00:29:28.784+0000][1.063s] GC(1)   Post Evacuate Collection Set: 0.4ms
[2024-03-17T00:29:28.784+0000][1.063s] GC(1)   Other: 1.7ms
[2024-03-17T00:29:28.784+0000][1.064s] GC(1) Eden regions: 54->0(64)
[2024-03-17T00:29:28.784+0000][1.064s] GC(1) Survivor regions: 4->8(8)
[2024-03-17T00:29:28.785+0000][1.064s] GC(1) Old regions: 1->9
[2024-03-17T00:29:28.785+0000][1.064s] GC(1) Archive regions: 2->2
[2024-03-17T00:29:28.785+0000][1.065s] GC(1) Humongous regions: 4->4
[2024-03-17T00:29:28.785+0000][1.065s] GC(1) Metaspace: 17859K(18112K)->17859K(18112K) NonClass: 15646K(15808K)->15646K(15808K) Class: 2213K(2304K)->2213K(2304K)
[2024-03-17T00:29:28.786+0000][1.065s] GC(1) Pause Young (Normal) (G1 Evacuation Pause) 63M->21M(512M) 13.365ms
[2024-03-17T00:29:28.786+0000][1.066s] GC(1) User=0.03s Sys=0.03s Real=0.01s
[2024-03-17T00:29:28.982+0000][1.261s] GC(2) Pause Young (Concurrent Start) (Metadata GC Threshold)
[2024-03-17T00:29:28.982+0000][1.261s] GC(2) Using 8 workers of 8 for evacuation
[2024-03-17T00:29:28.987+0000][1.266s] GC(2)   Pre Evacuate Collection Set: 0.1ms
[2024-03-17T00:29:28.987+0000][1.266s] GC(2)   Merge Heap Roots: 0.1ms
[2024-03-17T00:29:28.987+0000][1.266s] GC(2)   Evacuate Collection Set: 3.6ms
[2024-03-17T00:29:28.987+0000][1.266s] GC(2)   Post Evacuate Collection Set: 0.4ms
[2024-03-17T00:29:28.987+0000][1.266s] GC(2)   Other: 1.1ms
[2024-03-17T00:29:28.987+0000][1.266s] GC(2) Eden regions: 31->0(72)
[2024-03-17T00:29:28.987+0000][1.266s] GC(2) Survivor regions: 8->3(9)
[2024-03-17T00:29:28.987+0000][1.267s] GC(2) Old regions: 9->17
[2024-03-17T00:29:28.987+0000][1.267s] GC(2) Archive regions: 2->2
[2024-03-17T00:29:28.987+0000][1.267s] GC(2) Humongous regions: 4->4
[2024-03-17T00:29:28.988+0000][1.267s] GC(2) Metaspace: 21263K(21504K)->21263K(21504K) NonClass: 18633K(18752K)->18633K(18752K) Class: 2629K(2752K)->2629K(2752K)
[2024-03-17T00:29:28.988+0000][1.267s] GC(2) Pause Young (Concurrent Start) (Metadata GC Threshold) 51M->24M(512M) 6.045ms
[2024-03-17T00:29:28.988+0000][1.267s] GC(2) User=0.03s Sys=0.00s Real=0.00s
[2024-03-17T00:29:28.988+0000][1.267s] GC(3) Concurrent Mark Cycle
[2024-03-17T00:29:28.988+0000][1.267s] GC(3) Concurrent Clear Claimed Marks
[2024-03-17T00:29:28.988+0000][1.267s] GC(3) Concurrent Clear Claimed Marks 0.192ms
[2024-03-17T00:29:28.988+0000][1.268s] GC(3) Concurrent Scan Root Regions
[2024-03-17T00:29:28.991+0000][1.270s] GC(3) Concurrent Scan Root Regions 2.214ms
[2024-03-17T00:29:28.991+0000][1.270s] GC(3) Concurrent Mark
[2024-03-17T00:29:28.991+0000][1.270s] GC(3) Concurrent Mark From Roots
[2024-03-17T00:29:28.991+0000][1.270s] GC(3) Using 2 workers of 2 for marking
[2024-03-17T00:29:28.996+0000][1.275s] GC(3) Concurrent Mark From Roots 4.389ms
[2024-03-17T00:29:28.996+0000][1.275s] GC(3) Concurrent Preclean
[2024-03-17T00:29:28.996+0000][1.275s] GC(3) Concurrent Preclean 0.117ms
[2024-03-17T00:29:28.997+0000][1.276s] GC(3) Pause Remark
[2024-03-17T00:29:28.998+0000][1.277s] GC(3) Pause Remark 25M->25M(512M) 1.241ms
[2024-03-17T00:29:28.998+0000][1.277s] GC(3) User=0.00s Sys=0.00s Real=0.00s
[2024-03-17T00:29:28.998+0000][1.277s] GC(3) Concurrent Mark 7.123ms
[2024-03-17T00:29:28.998+0000][1.277s] GC(3) Concurrent Rebuild Remembered Sets
[2024-03-17T00:29:28.998+0000][1.277s] GC(3) Concurrent Rebuild Remembered Sets 0.068ms
[2024-03-17T00:29:28.999+0000][1.278s] GC(3) Pause Cleanup
[2024-03-17T00:29:28.999+0000][1.278s] GC(3) Pause Cleanup 25M->25M(512M) 0.119ms
[2024-03-17T00:29:28.999+0000][1.278s] GC(3) User=0.00s Sys=0.00s Real=0.00s
[2024-03-17T00:29:28.999+0000][1.278s] GC(3) Concurrent Cleanup for Next Mark
[2024-03-17T00:29:28.999+0000][1.278s] GC(3) Concurrent Cleanup for Next Mark 0.213ms
[2024-03-17T00:29:28.999+0000][1.278s] GC(3) Concurrent Mark Cycle 11.442ms
[2024-03-17T00:29:29.598+0000][1.877s] GC(4) Pause Young (Normal) (G1 Evacuation Pause)
[2024-03-17T00:29:29.598+0000][1.878s] GC(4) Using 8 workers of 8 for evacuation
[2024-03-17T00:29:29.604+0000][1.883s] GC(4)   Pre Evacuate Collection Set: 0.2ms
[2024-03-17T00:29:29.604+0000][1.883s] GC(4)   Merge Heap Roots: 0.1ms
[2024-03-17T00:29:29.604+0000][1.883s] GC(4)   Evacuate Collection Set: 4.3ms
[2024-03-17T00:29:29.604+0000][1.883s] GC(4)   Post Evacuate Collection Set: 0.8ms
[2024-03-17T00:29:29.604+0000][1.883s] GC(4)   Other: 0.7ms
[2024-03-17T00:29:29.604+0000][1.884s] GC(4) Eden regions: 72->0(168)
[2024-03-17T00:29:29.604+0000][1.884s] GC(4) Survivor regions: 3->8(10)
[2024-03-17T00:29:29.605+0000][1.884s] GC(4) Old regions: 17->17
[2024-03-17T00:29:29.605+0000][1.884s] GC(4) Archive regions: 2->2
[2024-03-17T00:29:29.605+0000][1.884s] GC(4) Humongous regions: 4->4
[2024-03-17T00:29:29.605+0000][1.884s] GC(4) Metaspace: 34246K(34560K)->34246K(34560K) NonClass: 29945K(30144K)->29945K(30144K) Class: 4300K(4416K)->4300K(4416K)
[2024-03-17T00:29:29.605+0000][1.884s] GC(4) Pause Young (Normal) (G1 Evacuation Pause) 96M->28M(512M) 6.878ms
[2024-03-17T00:29:29.605+0000][1.884s] GC(4) User=0.03s Sys=0.00s Real=0.01s
[2024-03-17T00:29:29.725+0000][2.004s] GC(5) Pause Young (Concurrent Start) (Metadata GC Threshold)
[2024-03-17T00:29:29.725+0000][2.004s] GC(5) Using 8 workers of 8 for evacuation
[2024-03-17T00:29:29.730+0000][2.009s] GC(5)   Pre Evacuate Collection Set: 0.1ms
[2024-03-17T00:29:29.730+0000][2.009s] GC(5)   Merge Heap Roots: 0.1ms
[2024-03-17T00:29:29.730+0000][2.009s] GC(5)   Evacuate Collection Set: 3.8ms
[2024-03-17T00:29:29.730+0000][2.009s] GC(5)   Post Evacuate Collection Set: 0.5ms
[2024-03-17T00:29:29.730+0000][2.010s] GC(5)   Other: 0.6ms
[2024-03-17T00:29:29.731+0000][2.010s] GC(5) Eden regions: 15->0(251)
[2024-03-17T00:29:29.731+0000][2.010s] GC(5) Survivor regions: 8->8(22)
[2024-03-17T00:29:29.731+0000][2.010s] GC(5) Old regions: 17->17
[2024-03-17T00:29:29.731+0000][2.010s] GC(5) Archive regions: 2->2
[2024-03-17T00:29:29.731+0000][2.010s] GC(5) Humongous regions: 4->4
[2024-03-17T00:29:29.731+0000][2.010s] GC(5) Metaspace: 35921K(36288K)->35921K(36288K) NonClass: 31410K(31552K)->31410K(31552K) Class: 4510K(4736K)->4510K(4736K)
[2024-03-17T00:29:29.731+0000][2.010s] GC(5) Pause Young (Concurrent Start) (Metadata GC Threshold) 43M->29M(512M) 6.327ms
[2024-03-17T00:29:29.731+0000][2.010s] GC(5) User=0.03s Sys=0.01s Real=0.01s
[2024-03-17T00:29:29.731+0000][2.010s] GC(6) Concurrent Mark Cycle
[2024-03-17T00:29:29.732+0000][2.011s] GC(6) Concurrent Clear Claimed Marks
[2024-03-17T00:29:29.736+0000][2.016s] GC(6) Concurrent Clear Claimed Marks 4.798ms
[2024-03-17T00:29:29.737+0000][2.016s] GC(6) Concurrent Scan Root Regions
[2024-03-17T00:29:29.742+0000][2.021s] GC(6) Concurrent Scan Root Regions 4.644ms
[2024-03-17T00:29:29.742+0000][2.021s] GC(6) Concurrent Mark
[2024-03-17T00:29:29.742+0000][2.022s] GC(6) Concurrent Mark From Roots
[2024-03-17T00:29:29.743+0000][2.022s] GC(6) Using 2 workers of 2 for marking
[2024-03-17T00:29:29.750+0000][2.029s] GC(6) Concurrent Mark From Roots 7.627ms
[2024-03-17T00:29:29.751+0000][2.030s] GC(6) Concurrent Preclean
[2024-03-17T00:29:29.751+0000][2.030s] GC(6) Concurrent Preclean 0.307ms
[2024-03-17T00:29:29.753+0000][2.032s] GC(6) Pause Remark
[2024-03-17T00:29:29.755+0000][2.034s] GC(6) Pause Remark 32M->32M(512M) 2.406ms
[2024-03-17T00:29:29.755+0000][2.034s] GC(6) User=0.01s Sys=0.00s Real=0.00s
[2024-03-17T00:29:29.755+0000][2.035s] GC(6) Concurrent Mark 13.343ms
[2024-03-17T00:29:29.756+0000][2.035s] GC(6) Concurrent Rebuild Remembered Sets
[2024-03-17T00:29:29.761+0000][2.040s] GC(6) Concurrent Rebuild Remembered Sets 5.638ms
[2024-03-17T00:29:29.763+0000][2.042s] GC(6) Pause Cleanup
[2024-03-17T00:29:29.763+0000][2.042s] GC(6) Pause Cleanup 33M->33M(512M) 0.237ms
[2024-03-17T00:29:29.763+0000][2.042s] GC(6) User=0.00s Sys=0.00s Real=0.00s
[2024-03-17T00:29:29.763+0000][2.043s] GC(6) Concurrent Cleanup for Next Mark
[2024-03-17T00:29:29.765+0000][2.044s] GC(6) Concurrent Cleanup for Next Mark 1.872ms
[2024-03-17T00:29:29.766+0000][2.045s] GC(6) Concurrent Mark Cycle 34.713ms
[2024-03-17T00:37:10.128+0000][462.407s] GC(7) Pause Young (Concurrent Start) (G1 Evacuation Pause)
[2024-03-17T00:37:10.130+0000][462.409s] GC(7) Using 8 workers of 8 for evacuation
[2024-03-17T00:37:10.252+0000][462.531s] GC(7)   Pre Evacuate Collection Set: 1.2ms
[2024-03-17T00:37:10.252+0000][462.531s] GC(7)   Merge Heap Roots: 1.0ms
[2024-03-17T00:37:10.252+0000][462.531s] GC(7)   Evacuate Collection Set: 114.5ms
[2024-03-17T00:37:10.253+0000][462.532s] GC(7)   Post Evacuate Collection Set: 1.3ms
[2024-03-17T00:37:10.253+0000][462.532s] GC(7)   Other: 6.4ms
[2024-03-17T00:37:10.253+0000][462.532s] GC(7) Eden regions: 251->0(280)
[2024-03-17T00:37:10.253+0000][462.532s] GC(7) Survivor regions: 8->27(33)
[2024-03-17T00:37:10.253+0000][462.532s] GC(7) Old regions: 17->17
[2024-03-17T00:37:10.253+0000][462.532s] GC(7) Archive regions: 2->2
[2024-03-17T00:37:10.253+0000][462.532s] GC(7) Humongous regions: 4->4
[2024-03-17T00:37:10.253+0000][462.532s] GC(7) Metaspace: 56094K(56704K)->56094K(56704K) NonClass: 48819K(49152K)->48819K(49152K) Class: 7275K(7552K)->7275K(7552K)
[2024-03-17T00:37:10.253+0000][462.532s] GC(7) Pause Young (Concurrent Start) (G1 Evacuation Pause) 280M->48M(512M) 124.851ms
[2024-03-17T00:37:10.253+0000][462.532s] GC(7) User=0.93s Sys=0.00s Real=0.13s
[2024-03-17T00:37:10.254+0000][462.533s] GC(8) Concurrent Mark Cycle
[2024-03-17T00:37:10.255+0000][462.534s] GC(8) Concurrent Clear Claimed Marks
[2024-03-17T00:37:10.255+0000][462.534s] GC(8) Concurrent Clear Claimed Marks 0.098ms
[2024-03-17T00:37:10.255+0000][462.534s] GC(8) Concurrent Scan Root Regions
[2024-03-17T00:37:10.268+0000][462.547s] GC(8) Concurrent Scan Root Regions 12.574ms
[2024-03-17T00:37:10.268+0000][462.547s] GC(8) Concurrent Mark
[2024-03-17T00:37:10.268+0000][462.547s] GC(8) Concurrent Mark From Roots
[2024-03-17T00:37:10.268+0000][462.547s] GC(8) Using 2 workers of 2 for marking
[2024-03-17T00:37:10.297+0000][462.576s] GC(8) Concurrent Mark From Roots 29.064ms
[2024-03-17T00:37:10.297+0000][462.576s] GC(8) Concurrent Preclean
[2024-03-17T00:37:10.297+0000][462.576s] GC(8) Concurrent Preclean 0.145ms
[2024-03-17T00:37:10.297+0000][462.576s] GC(8) Pause Remark
[2024-03-17T00:37:10.300+0000][462.579s] GC(8) Pause Remark 50M->50M(512M) 2.854ms
[2024-03-17T00:37:10.300+0000][462.579s] GC(8) User=0.01s Sys=0.00s Real=0.01s
[2024-03-17T00:37:10.300+0000][462.579s] GC(8) Concurrent Mark 32.703ms
[2024-03-17T00:37:10.300+0000][462.579s] GC(8) Concurrent Rebuild Remembered Sets
[2024-03-17T00:37:10.304+0000][462.583s] GC(8) Concurrent Rebuild Remembered Sets 3.748ms
[2024-03-17T00:37:10.304+0000][462.583s] GC(8) Pause Cleanup
[2024-03-17T00:37:10.304+0000][462.583s] GC(8) Pause Cleanup 50M->50M(512M) 0.154ms
[2024-03-17T00:37:10.305+0000][462.584s] GC(8) User=0.00s Sys=0.00s Real=0.00s
[2024-03-17T00:37:10.305+0000][462.584s] GC(8) Concurrent Cleanup for Next Mark
[2024-03-17T00:37:10.309+0000][462.588s] GC(8) Concurrent Cleanup for Next Mark 4.267ms
[2024-03-17T00:37:10.309+0000][462.588s] GC(8) Concurrent Mark Cycle 54.629ms
[2024-03-17T02:14:32.721+0000][5255.284s] Heap
[2024-03-17T02:14:32.723+0000][5255.286s]  garbage-first heap   total 524288K, used 209691K [0x00000000e0000000, 0x0000000100000000)
[2024-03-17T02:14:32.723+0000][5255.286s]   region size 1024K, 183 young (187392K), 27 survivors (27648K)
[2024-03-17T02:14:32.723+0000][5255.286s]  Metaspace       used 57047K, committed 57664K, reserved 1114112K
[2024-03-17T02:14:32.723+0000][5255.286s]   class space    used 7325K, committed 7616K, reserved 1048576K
