[2024-03-17T11:54:16.024+0000][0.008s] Using G1
[2024-03-17T11:54:16.243+0000][0.227s] Version: 17.0.10+7 (release)
[2024-03-17T11:54:16.244+0000][0.227s] CPUs: 8 total, 8 available
[2024-03-17T11:54:16.244+0000][0.227s] Memory: 3923M
[2024-03-17T11:54:16.244+0000][0.228s] Large Page Support: Disabled
[2024-03-17T11:54:16.244+0000][0.228s] NUMA Support: Disabled
[2024-03-17T11:54:16.244+0000][0.228s] Compressed Oops: Enabled (32-bit)
[2024-03-17T11:54:16.245+0000][0.228s] Heap Region Size: 1M
[2024-03-17T11:54:16.245+0000][0.228s] Heap Min Capacity: 512M
[2024-03-17T11:54:16.245+0000][0.228s] Heap Initial Capacity: 512M
[2024-03-17T11:54:16.245+0000][0.228s] Heap Max Capacity: 512M
[2024-03-17T11:54:16.245+0000][0.228s] Pre-touch: Enabled
[2024-03-17T11:54:16.245+0000][0.228s] Parallel Workers: 8
[2024-03-17T11:54:16.245+0000][0.228s] Concurrent Workers: 2
[2024-03-17T11:54:16.245+0000][0.228s] Concurrent Refinement Workers: 8
[2024-03-17T11:54:16.245+0000][0.228s] Periodic GC: Disabled
[2024-03-17T11:54:16.255+0000][0.239s] CDS archive(s) mapped at: [0x000000c000000000-0x000000c000a5f000-0x000000c000a5f000), size 10874880, SharedBaseAddress: 0x000000c000000000, ArchiveRelocationMode: 1.
[2024-03-17T11:54:16.255+0000][0.239s] Compressed class space mapped at: 0x000000c001000000-0x000000c041000000, reserved size: 1073741824
[2024-03-17T11:54:16.256+0000][0.239s] Narrow klass base: 0x000000c000000000, Narrow klass shift: 0, Narrow klass range: 0x100000000
[2024-03-17T11:54:16.595+0000][0.579s] GC(0) Pause Young (Normal) (G1 Evacuation Pause)
[2024-03-17T11:54:16.598+0000][0.581s] GC(0) Using 8 workers of 8 for evacuation
[2024-03-17T11:54:16.601+0000][0.584s] GC(0)   Pre Evacuate Collection Set: 0.1ms
[2024-03-17T11:54:16.601+0000][0.584s] GC(0)   Merge Heap Roots: 0.0ms
[2024-03-17T11:54:16.601+0000][0.584s] GC(0)   Evacuate Collection Set: 2.5ms
[2024-03-17T11:54:16.601+0000][0.584s] GC(0)   Post Evacuate Collection Set: 0.4ms
[2024-03-17T11:54:16.601+0000][0.584s] GC(0)   Other: 2.5ms
[2024-03-17T11:54:16.601+0000][0.585s] GC(0) Eden regions: 29->0(58)
[2024-03-17T11:54:16.601+0000][0.585s] GC(0) Survivor regions: 0->4(4)
[2024-03-17T11:54:16.601+0000][0.585s] GC(0) Old regions: 0->1
[2024-03-17T11:54:16.602+0000][0.585s] GC(0) Archive regions: 2->2
[2024-03-17T11:54:16.602+0000][0.585s] GC(0) Humongous regions: 0->0
[2024-03-17T11:54:16.602+0000][0.585s] GC(0) Metaspace: 9963K(10240K)->9963K(10240K) NonClass: 8723K(8832K)->8723K(8832K) Class: 1239K(1408K)->1239K(1408K)
[2024-03-17T11:54:16.602+0000][0.585s] GC(0) Pause Young (Normal) (G1 Evacuation Pause) 29M->5M(512M) 6.579ms
[2024-03-17T11:54:16.602+0000][0.585s] GC(0) User=0.02s Sys=0.01s Real=0.01s
[2024-03-17T11:54:16.896+0000][0.879s] GC(1) Pause Young (Normal) (G1 Evacuation Pause)
[2024-03-17T11:54:16.896+0000][0.879s] GC(1) Using 8 workers of 8 for evacuation
[2024-03-17T11:54:16.902+0000][0.885s] GC(1)   Pre Evacuate Collection Set: 0.1ms
[2024-03-17T11:54:16.902+0000][0.885s] GC(1)   Merge Heap Roots: 0.1ms
[2024-03-17T11:54:16.902+0000][0.885s] GC(1)   Evacuate Collection Set: 4.9ms
[2024-03-17T11:54:16.902+0000][0.885s] GC(1)   Post Evacuate Collection Set: 0.4ms
[2024-03-17T11:54:16.902+0000][0.885s] GC(1)   Other: 0.3ms
[2024-03-17T11:54:16.902+0000][0.885s] GC(1) Eden regions: 58->0(68)
[2024-03-17T11:54:16.902+0000][0.885s] GC(1) Survivor regions: 4->8(8)
[2024-03-17T11:54:16.902+0000][0.885s] GC(1) Old regions: 1->10
[2024-03-17T11:54:16.902+0000][0.886s] GC(1) Archive regions: 2->2
[2024-03-17T11:54:16.902+0000][0.886s] GC(1) Humongous regions: 4->4
[2024-03-17T11:54:16.902+0000][0.886s] GC(1) Metaspace: 17903K(18240K)->17903K(18240K) NonClass: 15688K(15872K)->15688K(15872K) Class: 2215K(2368K)->2215K(2368K)
[2024-03-17T11:54:16.902+0000][0.886s] GC(1) Pause Young (Normal) (G1 Evacuation Pause) 67M->22M(512M) 6.542ms
[2024-03-17T11:54:16.903+0000][0.886s] GC(1) User=0.04s Sys=0.00s Real=0.00s
[2024-03-17T11:54:17.030+0000][1.014s] GC(2) Pause Young (Concurrent Start) (Metadata GC Threshold)
[2024-03-17T11:54:17.030+0000][1.014s] GC(2) Using 8 workers of 8 for evacuation
[2024-03-17T11:54:17.034+0000][1.017s] GC(2)   Pre Evacuate Collection Set: 0.1ms
[2024-03-17T11:54:17.034+0000][1.017s] GC(2)   Merge Heap Roots: 0.1ms
[2024-03-17T11:54:17.034+0000][1.017s] GC(2)   Evacuate Collection Set: 2.4ms
[2024-03-17T11:54:17.034+0000][1.017s] GC(2)   Post Evacuate Collection Set: 0.3ms
[2024-03-17T11:54:17.034+0000][1.017s] GC(2)   Other: 0.6ms
[2024-03-17T11:54:17.034+0000][1.017s] GC(2) Eden regions: 24->0(99)
[2024-03-17T11:54:17.034+0000][1.017s] GC(2) Survivor regions: 8->2(10)
[2024-03-17T11:54:17.034+0000][1.017s] GC(2) Old regions: 10->18
[2024-03-17T11:54:17.034+0000][1.018s] GC(2) Archive regions: 2->2
[2024-03-17T11:54:17.034+0000][1.018s] GC(2) Humongous regions: 4->4
[2024-03-17T11:54:17.034+0000][1.018s] GC(2) Metaspace: 21268K(21504K)->21268K(21504K) NonClass: 18638K(18752K)->18638K(18752K) Class: 2629K(2752K)->2629K(2752K)
[2024-03-17T11:54:17.034+0000][1.018s] GC(2) Pause Young (Concurrent Start) (Metadata GC Threshold) 45M->24M(512M) 4.202ms
[2024-03-17T11:54:17.035+0000][1.018s] GC(2) User=0.02s Sys=0.00s Real=0.00s
[2024-03-17T11:54:17.035+0000][1.018s] GC(3) Concurrent Mark Cycle
[2024-03-17T11:54:17.035+0000][1.018s] GC(3) Concurrent Clear Claimed Marks
[2024-03-17T11:54:17.035+0000][1.018s] GC(3) Concurrent Clear Claimed Marks 0.073ms
[2024-03-17T11:54:17.035+0000][1.018s] GC(3) Concurrent Scan Root Regions
[2024-03-17T11:54:17.036+0000][1.020s] GC(3) Concurrent Scan Root Regions 1.572ms
[2024-03-17T11:54:17.037+0000][1.020s] GC(3) Concurrent Mark
[2024-03-17T11:54:17.037+0000][1.020s] GC(3) Concurrent Mark From Roots
[2024-03-17T11:54:17.037+0000][1.020s] GC(3) Using 2 workers of 2 for marking
[2024-03-17T11:54:17.041+0000][1.025s] GC(3) Concurrent Mark From Roots 4.755ms
[2024-03-17T11:54:17.042+0000][1.025s] GC(3) Concurrent Preclean
[2024-03-17T11:54:17.042+0000][1.025s] GC(3) Concurrent Preclean 0.223ms
[2024-03-17T11:54:17.043+0000][1.026s] GC(3) Pause Remark
[2024-03-17T11:54:17.044+0000][1.027s] GC(3) Pause Remark 25M->25M(512M) 1.294ms
[2024-03-17T11:54:17.044+0000][1.027s] GC(3) User=0.01s Sys=0.00s Real=0.00s
[2024-03-17T11:54:17.044+0000][1.028s] GC(3) Concurrent Mark 7.694ms
[2024-03-17T11:54:17.044+0000][1.028s] GC(3) Concurrent Rebuild Remembered Sets
[2024-03-17T11:54:17.044+0000][1.028s] GC(3) Concurrent Rebuild Remembered Sets 0.093ms
[2024-03-17T11:54:17.046+0000][1.029s] GC(3) Pause Cleanup
[2024-03-17T11:54:17.046+0000][1.029s] GC(3) Pause Cleanup 25M->25M(512M) 0.104ms
[2024-03-17T11:54:17.046+0000][1.029s] GC(3) User=0.00s Sys=0.00s Real=0.00s
[2024-03-17T11:54:17.046+0000][1.030s] GC(3) Concurrent Cleanup for Next Mark
[2024-03-17T11:54:17.047+0000][1.030s] GC(3) Concurrent Cleanup for Next Mark 0.532ms
[2024-03-17T11:54:17.047+0000][1.030s] GC(3) Concurrent Mark Cycle 12.303ms
[2024-03-17T11:54:17.676+0000][1.659s] GC(4) Pause Young (Concurrent Start) (GCLocker Initiated GC)
[2024-03-17T11:54:17.678+0000][1.661s] GC(4) Using 8 workers of 8 for evacuation
[2024-03-17T11:54:17.683+0000][1.666s] GC(4)   Pre Evacuate Collection Set: 0.2ms
[2024-03-17T11:54:17.683+0000][1.666s] GC(4)   Merge Heap Roots: 0.1ms
[2024-03-17T11:54:17.683+0000][1.666s] GC(4)   Evacuate Collection Set: 3.5ms
[2024-03-17T11:54:17.683+0000][1.666s] GC(4)   Post Evacuate Collection Set: 1.1ms
[2024-03-17T11:54:17.683+0000][1.666s] GC(4)   Other: 2.0ms
[2024-03-17T11:54:17.683+0000][1.666s] GC(4) Eden regions: 86->0(174)
[2024-03-17T11:54:17.683+0000][1.666s] GC(4) Survivor regions: 2->7(13)
[2024-03-17T11:54:17.683+0000][1.667s] GC(4) Old regions: 18->18
[2024-03-17T11:54:17.683+0000][1.667s] GC(4) Archive regions: 2->2
[2024-03-17T11:54:17.683+0000][1.667s] GC(4) Humongous regions: 4->4
[2024-03-17T11:54:17.683+0000][1.667s] GC(4) Metaspace: 35900K(36352K)->35900K(36352K) NonClass: 31400K(31616K)->31400K(31616K) Class: 4500K(4736K)->4500K(4736K)
[2024-03-17T11:54:17.683+0000][1.667s] GC(4) Pause Young (Concurrent Start) (GCLocker Initiated GC) 109M->29M(512M) 7.562ms
[2024-03-17T11:54:17.683+0000][1.667s] GC(4) User=0.03s Sys=0.00s Real=0.00s
[2024-03-17T11:54:17.684+0000][1.667s] GC(5) Concurrent Mark Cycle
[2024-03-17T11:54:17.685+0000][1.668s] GC(5) Concurrent Clear Claimed Marks
[2024-03-17T11:54:17.685+0000][1.668s] GC(5) Concurrent Clear Claimed Marks 0.949ms
[2024-03-17T11:54:17.685+0000][1.668s] GC(5) Concurrent Scan Root Regions
[2024-03-17T11:54:17.688+0000][1.671s] GC(5) Concurrent Scan Root Regions 2.974ms
[2024-03-17T11:54:17.688+0000][1.671s] GC(5) Concurrent Mark
[2024-03-17T11:54:17.688+0000][1.672s] GC(5) Concurrent Mark From Roots
[2024-03-17T11:54:17.689+0000][1.672s] GC(5) Using 2 workers of 2 for marking
[2024-03-17T11:54:17.700+0000][1.683s] GC(5) Concurrent Mark From Roots 11.658ms
[2024-03-17T11:54:17.700+0000][1.683s] GC(5) Concurrent Preclean
[2024-03-17T11:54:17.701+0000][1.684s] GC(5) Concurrent Preclean 0.742ms
[2024-03-17T11:54:17.702+0000][1.685s] GC(5) Pause Remark
[2024-03-17T11:54:17.703+0000][1.687s] GC(5) Pause Remark 31M->31M(512M) 1.531ms
[2024-03-17T11:54:17.703+0000][1.687s] GC(5) User=0.01s Sys=0.00s Real=0.00s
[2024-03-17T11:54:17.704+0000][1.687s] GC(5) Concurrent Mark 15.418ms
[2024-03-17T11:54:17.707+0000][1.690s] GC(5) Concurrent Rebuild Remembered Sets
[2024-03-17T11:54:17.711+0000][1.694s] GC(5) Concurrent Rebuild Remembered Sets 3.825ms
[2024-03-17T11:54:17.712+0000][1.695s] GC(5) Pause Cleanup
[2024-03-17T11:54:17.712+0000][1.695s] GC(5) Pause Cleanup 33M->33M(512M) 0.145ms
[2024-03-17T11:54:17.712+0000][1.695s] GC(5) User=0.00s Sys=0.00s Real=0.00s
[2024-03-17T11:54:17.712+0000][1.696s] GC(5) Concurrent Cleanup for Next Mark
[2024-03-17T11:54:17.713+0000][1.696s] GC(5) Concurrent Cleanup for Next Mark 0.565ms
[2024-03-17T11:54:17.713+0000][1.696s] GC(5) Concurrent Mark Cycle 29.367ms
[2024-03-17T11:54:18.426+0000][2.409s] GC(6) Pause Young (Prepare Mixed) (G1 Evacuation Pause)
[2024-03-17T11:54:18.426+0000][2.409s] GC(6) Using 8 workers of 8 for evacuation
[2024-03-17T11:54:18.434+0000][2.418s] GC(6)   Pre Evacuate Collection Set: 0.1ms
[2024-03-17T11:54:18.434+0000][2.418s] GC(6)   Merge Heap Roots: 0.0ms
[2024-03-17T11:54:18.434+0000][2.418s] GC(6)   Evacuate Collection Set: 7.5ms
[2024-03-17T11:54:18.434+0000][2.418s] GC(6)   Post Evacuate Collection Set: 0.7ms
[2024-03-17T11:54:18.435+0000][2.418s] GC(6)   Other: 0.2ms
[2024-03-17T11:54:18.435+0000][2.418s] GC(6) Eden regions: 174->0(2)
[2024-03-17T11:54:18.435+0000][2.418s] GC(6) Survivor regions: 7->23(23)
[2024-03-17T11:54:18.435+0000][2.418s] GC(6) Old regions: 18->19
[2024-03-17T11:54:18.435+0000][2.418s] GC(6) Archive regions: 2->2
[2024-03-17T11:54:18.435+0000][2.418s] GC(6) Humongous regions: 4->4
[2024-03-17T11:54:18.435+0000][2.418s] GC(6) Metaspace: 51385K(51968K)->51385K(51968K) NonClass: 44758K(45056K)->44758K(45056K) Class: 6627K(6912K)->6627K(6912K)
[2024-03-17T11:54:18.435+0000][2.418s] GC(6) Pause Young (Prepare Mixed) (G1 Evacuation Pause) 203M->46M(512M) 9.245ms
[2024-03-17T11:54:18.435+0000][2.418s] GC(6) User=0.05s Sys=0.00s Real=0.00s
[2024-03-17T11:54:18.446+0000][2.429s] GC(7) Pause Young (Mixed) (G1 Evacuation Pause)
[2024-03-17T11:54:18.446+0000][2.430s] GC(7) Using 8 workers of 8 for evacuation
[2024-03-17T11:54:18.454+0000][2.437s] GC(7)   Pre Evacuate Collection Set: 0.1ms
[2024-03-17T11:54:18.454+0000][2.437s] GC(7)   Merge Heap Roots: 0.0ms
[2024-03-17T11:54:18.454+0000][2.438s] GC(7)   Evacuate Collection Set: 7.2ms
[2024-03-17T11:54:18.454+0000][2.438s] GC(7)   Post Evacuate Collection Set: 0.4ms
[2024-03-17T11:54:18.454+0000][2.438s] GC(7)   Other: 0.2ms
[2024-03-17T11:54:18.454+0000][2.438s] GC(7) Eden regions: 2->0(304)
[2024-03-17T11:54:18.455+0000][2.438s] GC(7) Survivor regions: 23->3(4)
[2024-03-17T11:54:18.455+0000][2.438s] GC(7) Old regions: 19->42
[2024-03-17T11:54:18.455+0000][2.438s] GC(7) Archive regions: 2->2
[2024-03-17T11:54:18.455+0000][2.438s] GC(7) Humongous regions: 4->4
[2024-03-17T11:54:18.455+0000][2.438s] GC(7) Metaspace: 51674K(52224K)->51674K(52224K) NonClass: 44997K(45248K)->44997K(45248K) Class: 6676K(6976K)->6676K(6976K)
[2024-03-17T11:54:18.455+0000][2.438s] GC(7) Pause Young (Mixed) (G1 Evacuation Pause) 48M->49M(512M) 8.631ms
[2024-03-17T11:54:18.455+0000][2.438s] GC(7) User=0.05s Sys=0.00s Real=0.00s
[2024-03-17T11:55:58.086+0000][102.070s] Heap
[2024-03-17T11:55:58.089+0000][102.073s]  garbage-first heap   total 524288K, used 90497K [0x00000000e0000000, 0x0000000100000000)
[2024-03-17T11:55:58.092+0000][102.076s]   region size 1024K, 43 young (44032K), 3 survivors (3072K)
[2024-03-17T11:55:58.102+0000][102.086s]  Metaspace       used 54058K, committed 54592K, reserved 1114112K
[2024-03-17T11:55:58.108+0000][102.091s]   class space    used 7023K, committed 7296K, reserved 1048576K
